<html>
<body>
<pre>
<h1>µVision Build Log</h1>
<h2>Tool Versions:</h2>
IDE-Version: ¦ÌVision V5.21.1.0
Copyright (C) 2016 ARM Ltd and ARM Germany GmbH. All rights reserved.
License Information: asf uae, asf, LIC=QF82M-X5PRE-CXMU6-D4AWX-CLL2M-U9C9U
 
Tool Versions:
Toolchain:       MDK-ARM Plus  Version: 5.21a
Toolchain Path:  D:\keil5\ARM\ARMCC\Bin
C Compiler:      Armcc.exe V5.06 update 3 (build 300)
Assembler:       Armasm.exe V5.06 update 3 (build 300)
Linker/Locator:  ArmLink.exe V5.06 update 3 (build 300)
Library Manager: ArmAr.exe V5.06 update 3 (build 300)
Hex Converter:   FromElf.exe V5.06 update 3 (build 300)
CPU DLL:         SARMCM3.DLL V5.21a
Dialog DLL:      DCM.DLL V1.13.8.0
Target DLL:      Segger\JL2CM3.dll V2.99.23.0
Dialog DLL:      TCM.DLL V1.14.14.0
 
<h2>Project:</h2>
C:\Users\uae\Desktop\IMU-BIM088\Code\IMU-BIM088\MDK-ARM\IMU-BIM088.uvprojx
Project File Date:  03/07/2023

<h2>Output:</h2>
*** Using Compiler 'V5.06 update 3 (build 300)', folder: 'D:\keil5\ARM\ARMCC\Bin'
Build target 'IMU-BIM088'
assembling startup_stm32g431xx.s...
compiling usart.c...
compiling stm32g4xx_hal_msp.c...
compiling MahonyAHRS.c...
compiling spi.c...
compiling tim.c...
compiling gpio.c...
compiling stm32g4xx_it.c...
compiling main.c...
..\Drivers\Hardware\MahonyAHRS.h(19): warning:  #47-D: incompatible redefinition of macro "PI" (declared at line 14 of "..\Drivers\Hardware\bmi088reg.h")
  #define PI	   		3.1415926535f		
../Core/Src/main.c(81): warning:  #177-D: variable "KF_angle" was declared but never referenced
  	Euler_Angle Mahony_angle,KF_angle;
../Core/Src/main.c(82): warning:  #177-D: variable "i" was declared but never referenced
  	int i;
../Core/Src/main.c(83): warning:  #177-D: variable "Acc_angle" was declared but never referenced
  	float Acc_angle = 0;
../Core/Src/main.c(84): warning:  #177-D: variable "q_gyro" was declared but never referenced
  	float q_gyro = 0;
../Core/Src/main.c: 5 warnings, 0 errors
compiling bmi088.c...
..\Drivers\Hardware\bmi088.c(255): warning:  #177-D: variable "range" was declared but never referenced
      uint8_t buf[ACC_XYZ_LEN], range;
..\Drivers\Hardware\bmi088.c(269): warning:  #177-D: variable "range" was declared but never referenced
      uint8_t buf[GYRO_XYZ_LEN], range;
..\Drivers\Hardware\bmi088.c(310): warning:  #1035-D: single-precision operand implicitly converted to double-precision
      *time = buf[0] * 
ENSORTIME_0_UNIT + buf[1] * 
ENSORTIME_1_UNIT + buf[2] * SENSORTIME_2_UNIT;
..\Drivers\Hardware\bmi088.c: 3 warnings, 0 errors
compiling stm32g4xx_hal_spi.c...
compiling stm32g4xx_hal.c...
compiling stm32g4xx_hal_rcc_ex.c...
compiling stm32g4xx_hal_spi_ex.c...
compiling stm32g4xx_hal_flash.c...
compiling stm32g4xx_hal_rcc.c...
compiling stm32g4xx_hal_flash_ex.c...
compiling stm32g4xx_hal_flash_ramfunc.c...
compiling stm32g4xx_hal_exti.c...
compiling stm32g4xx_hal_gpio.c...
compiling stm32g4xx_hal_dma.c...
compiling stm32g4xx_hal_dma_ex.c...
compiling stm32g4xx_hal_pwr.c...
compiling stm32g4xx_hal_pwr_ex.c...
compiling stm32g4xx_hal_cortex.c...
compiling stm32g4xx_hal_tim.c...
compiling stm32g4xx_hal_tim_ex.c...
compiling system_stm32g4xx.c...
compiling stm32g4xx_hal_uart_ex.c...
compiling stm32g4xx_hal_uart.c...
linking...
Program Size: Code=23482 RO-data=806 RW-data=84 ZI-data=1420  
FromELF: creating hex file...
"IMU-BIM088\IMU-BIM088.axf" - 0 Error(s), 8 Warning(s).

<h2>Software Packages used:</h2>

Package Vendor: ARM
                http://www.keil.com/pack/ARM.CMSIS.4.5.0.pack
                ARM::CMSIS:CORE:4.3.0
                CMSIS (Cortex Microcontroller Software Interface Standard)
   * Component: CORE Version: 4.3.0

<h2>Collection of Component include folders:</h2>
  C:\Users\uae\Desktop\IMU-BIM088\Code\IMU-BIM088\MDK-ARM\RTE
  D:\keil5\ARM\PACK\ARM\CMSIS\4.5.0\CMSIS\Include
  D:\keil5\ARM\PACK\Keil\STM32G4xx_DFP\1.5.0\Drivers\CMSIS\Device\ST\STM32G4xx\Include

<h2>Collection of Component Files used:</h2>

   * Component: ARM::CMSIS:CORE:4.3.0
Build Time Elapsed:  00:00:21
</pre>
</body>
</html>
