Component: ARM Compiler 5.06 update 3 (build 300) Tool: armlink [4d35c9]

==============================================================================

Section Cross References

    startup_stm32g431xx.o(RESET) refers to startup_stm32g431xx.o(STACK) for __initial_sp
    startup_stm32g431xx.o(RESET) refers to startup_stm32g431xx.o(.text) for Reset_Handler
    startup_stm32g431xx.o(RESET) refers to stm32g4xx_it.o(i.NMI_Handler) for NMI_Handler
    startup_stm32g431xx.o(RESET) refers to stm32g4xx_it.o(i.HardFault_Handler) for HardFault_Handler
    startup_stm32g431xx.o(RESET) refers to stm32g4xx_it.o(i.MemManage_Handler) for MemManage_Handler
    startup_stm32g431xx.o(RESET) refers to stm32g4xx_it.o(i.BusFault_Handler) for BusFault_Handler
    startup_stm32g431xx.o(RESET) refers to stm32g4xx_it.o(i.UsageFault_Handler) for UsageFault_Handler
    startup_stm32g431xx.o(RESET) refers to stm32g4xx_it.o(i.SVC_Handler) for SVC_Handler
    startup_stm32g431xx.o(RESET) refers to stm32g4xx_it.o(i.DebugMon_Handler) for DebugMon_Handler
    startup_stm32g431xx.o(RESET) refers to stm32g4xx_it.o(i.PendSV_Handler) for PendSV_Handler
    startup_stm32g431xx.o(RESET) refers to stm32g4xx_it.o(i.SysTick_Handler) for SysTick_Handler
    startup_stm32g431xx.o(RESET) refers to stm32g4xx_it.o(i.TIM6_DAC_IRQHandler) for TIM6_DAC_IRQHandler
    startup_stm32g431xx.o(.text) refers to system_stm32g4xx.o(i.SystemInit) for SystemInit
    startup_stm32g431xx.o(.text) refers to entry.o(.ARM.Collect$$$$00000000) for __main
    main.o(i.SystemClock_Config) refers to memseta.o(.text) for __aeabi_memclr4
    main.o(i.SystemClock_Config) refers to stm32g4xx_hal_pwr_ex.o(i.HAL_PWREx_ControlVoltageScaling) for HAL_PWREx_ControlVoltageScaling
    main.o(i.SystemClock_Config) refers to stm32g4xx_hal_rcc.o(i.HAL_RCC_OscConfig) for HAL_RCC_OscConfig
    main.o(i.SystemClock_Config) refers to main.o(i.Error_Handler) for Error_Handler
    main.o(i.SystemClock_Config) refers to stm32g4xx_hal_rcc.o(i.HAL_RCC_ClockConfig) for HAL_RCC_ClockConfig
    main.o(i.main) refers to stm32g4xx_hal.o(i.HAL_Init) for HAL_Init
    main.o(i.main) refers to main.o(i.SystemClock_Config) for SystemClock_Config
    main.o(i.main) refers to gpio.o(i.MX_GPIO_Init) for MX_GPIO_Init
    main.o(i.main) refers to spi.o(i.MX_SPI1_Init) for MX_SPI1_Init
    main.o(i.main) refers to tim.o(i.MX_TIM2_Init) for MX_TIM2_Init
    main.o(i.main) refers to usart.o(i.MX_USART1_UART_Init) for MX_USART1_UART_Init
    main.o(i.main) refers to tim.o(i.MX_TIM6_Init) for MX_TIM6_Init
    main.o(i.main) refers to bmi088.o(i.BMI088_INIT) for BMI088_INIT
    main.o(i.main) refers to bmi088.o(i.ReadAccData) for ReadAccData
    main.o(i.main) refers to bmi088.o(i.ReadGyroData) for ReadGyroData
    main.o(i.main) refers to bmi088.o(i.ReadAccTemperature) for ReadAccTemperature
    main.o(i.main) refers to mahonyahrs.o(i.MahonyAHRSupdateIMU) for MahonyAHRSupdateIMU
    main.o(i.main) refers to f2d.o(.text) for __aeabi_f2d
    main.o(i.main) refers to asin.o(i.__hardfp_asin) for __hardfp_asin
    main.o(i.main) refers to dmul.o(.text) for __aeabi_dmul
    main.o(i.main) refers to ddiv.o(.text) for __aeabi_ddiv
    main.o(i.main) refers to d2f.o(.text) for __aeabi_d2f
    main.o(i.main) refers to atan.o(i.__hardfp_atan) for __hardfp_atan
    main.o(i.main) refers to printfa.o(i.__0printf) for __2printf
    main.o(i.main) refers to tim.o(.data) for Task_Time
    main.o(i.main) refers to mahonyahrs.o(.data) for q0
    gpio.o(i.MX_GPIO_Init) refers to memseta.o(.text) for __aeabi_memclr4
    gpio.o(i.MX_GPIO_Init) refers to stm32g4xx_hal_gpio.o(i.HAL_GPIO_WritePin) for HAL_GPIO_WritePin
    gpio.o(i.MX_GPIO_Init) refers to stm32g4xx_hal_gpio.o(i.HAL_GPIO_Init) for HAL_GPIO_Init
    spi.o(i.HAL_SPI_MspDeInit) refers to stm32g4xx_hal_gpio.o(i.HAL_GPIO_DeInit) for HAL_GPIO_DeInit
    spi.o(i.HAL_SPI_MspInit) refers to memseta.o(.text) for __aeabi_memclr4
    spi.o(i.HAL_SPI_MspInit) refers to stm32g4xx_hal_gpio.o(i.HAL_GPIO_Init) for HAL_GPIO_Init
    spi.o(i.MX_SPI1_Init) refers to stm32g4xx_hal_spi.o(i.HAL_SPI_Init) for HAL_SPI_Init
    spi.o(i.MX_SPI1_Init) refers to main.o(i.Error_Handler) for Error_Handler
    spi.o(i.MX_SPI1_Init) refers to spi.o(.bss) for hspi1
    tim.o(i.HAL_TIM_Base_MspDeInit) refers to stm32g4xx_hal_cortex.o(i.HAL_NVIC_DisableIRQ) for HAL_NVIC_DisableIRQ
    tim.o(i.HAL_TIM_Base_MspInit) refers to stm32g4xx_hal_cortex.o(i.HAL_NVIC_SetPriority) for HAL_NVIC_SetPriority
    tim.o(i.HAL_TIM_Base_MspInit) refers to stm32g4xx_hal_cortex.o(i.HAL_NVIC_EnableIRQ) for HAL_NVIC_EnableIRQ
    tim.o(i.HAL_TIM_MspPostInit) refers to memseta.o(.text) for __aeabi_memclr4
    tim.o(i.HAL_TIM_MspPostInit) refers to stm32g4xx_hal_gpio.o(i.HAL_GPIO_Init) for HAL_GPIO_Init
    tim.o(i.HAL_TIM_PeriodElapsedCallback) refers to tim.o(.data) for Task_Time
    tim.o(i.MX_TIM2_Init) refers to memseta.o(.text) for __aeabi_memclr4
[...]
    Removing stm32g4xx_hal_uart_ex.o(i.HAL_UARTEx_ReceiveToIdle), (384 bytes).
    Removing stm32g4xx_hal_uart_ex.o(i.HAL_UARTEx_ReceiveToIdle_DMA), (114 bytes).
    Removing stm32g4xx_hal_uart_ex.o(i.HAL_UARTEx_ReceiveToIdle_IT), (114 bytes).
    Removing stm32g4xx_hal_uart_ex.o(i.HAL_UARTEx_RxFifoFullCallback), (2 bytes).
    Removing stm32g4xx_hal_uart_ex.o(i.HAL_UARTEx_StopModeWakeUpSourceConfig), (144 bytes).
    Removing stm32g4xx_hal_uart_ex.o(i.HAL_UARTEx_TxFifoEmptyCallback), (2 bytes).
    Removing stm32g4xx_hal_uart_ex.o(i.HAL_UARTEx_WakeupCallback), (2 bytes).
    Removing stm32g4xx_hal_uart_ex.o(i.UARTEx_Wakeup_AddressConfig), (38 bytes).
    Removing system_stm32g4xx.o(.rev16_text), (4 bytes).
    Removing system_stm32g4xx.o(.revsh_text), (4 bytes).
    Removing system_stm32g4xx.o(.rrx_text), (6 bytes).
    Removing system_stm32g4xx.o(i.SystemCoreClockUpdate), (156 bytes).
    Removing dfltui.o(.text), (26 bytes).
    Removing dneg.o(.text), (6 bytes).
    Removing cdcmple.o(.text), (48 bytes).

580 unused section(s) (total 54584 bytes) removed from the image.

==============================================================================

Image Symbol Table

    Local Symbols

    Symbol Name                              Value     Ov Type        Size  Object(Section)

    ../Core/Src/gpio.c                       0x00000000   Number         0  gpio.o ABSOLUTE
    ../Core/Src/main.c                       0x00000000   Number         0  main.o ABSOLUTE
    ../Core/Src/spi.c                        0x00000000   Number         0  spi.o ABSOLUTE
    ../Core/Src/stm32g4xx_hal_msp.c          0x00000000   Number         0  stm32g4xx_hal_msp.o ABSOLUTE
    ../Core/Src/stm32g4xx_it.c               0x00000000   Number         0  stm32g4xx_it.o ABSOLUTE
    ../Core/Src/system_stm32g4xx.c           0x00000000   Number         0  system_stm32g4xx.o ABSOLUTE
    ../Core/Src/tim.c                        0x00000000   Number         0  tim.o ABSOLUTE
    ../Core/Src/usart.c                      0x00000000   Number         0  usart.o ABSOLUTE
    ../Drivers/STM32G4xx_HAL_Driver/Src/stm32g4xx_hal.c 0x00000000   Number         0  stm32g4xx_hal.o ABSOLUTE
    ../Drivers/STM32G4xx_HAL_Driver/Src/stm32g4xx_hal_cortex.c 0x00000000   Number         0  stm32g4xx_hal_cortex.o ABSOLUTE
    ../Drivers/STM32G4xx_HAL_Driver/Src/stm32g4xx_hal_dma.c 0x00000000   Number         0  stm32g4xx_hal_dma.o ABSOLUTE
    ../Drivers/STM32G4xx_HAL_Driver/Src/stm32g4xx_hal_dma_ex.c 0x00000000   Number         0  stm32g4xx_hal_dma_ex.o ABSOLUTE
    ../Drivers/STM32G4xx_HAL_Driver/Src/stm32g4xx_hal_exti.c 0x00000000   Number         0  stm32g4xx_hal_exti.o ABSOLUTE
    ../Drivers/STM32G4xx_HAL_Driver/Src/stm32g4xx_hal_flash.c 0x00000000   Number         0  stm32g4xx_hal_flash.o ABSOLUTE
    ../Drivers/STM32G4xx_HAL_Driver/Src/stm32g4xx_hal_flash_ex.c 0x00000000   Number         0  stm32g4xx_hal_flash_ex.o ABSOLUTE
    ../Drivers/STM32G4xx_HAL_Driver/Src/stm32g4xx_hal_flash_ramfunc.c 0x00000000   Number         0  stm32g4xx_hal_flash_ramfunc.o ABSOLUTE
    ../Drivers/STM32G4xx_HAL_Driver/Src/stm32g4xx_hal_gpio.c 0x00000000   Number         0  stm32g4xx_hal_gpio.o ABSOLUTE
    ../Drivers/STM32G4xx_HAL_Driver/Src/stm32g4xx_hal_pwr.c 0x00000000   Number         0  stm32g4xx_hal_pwr.o ABSOLUTE
    ../Drivers/STM32G4xx_HAL_Driver/Src/stm32g4xx_hal_pwr_ex.c 0x00000000   Number         0  stm32g4xx_hal_pwr_ex.o ABSOLUTE
    ../Drivers/STM32G4xx_HAL_Driver/Src/stm32g4xx_hal_rcc.c 0x00000000   Number         0  stm32g4xx_hal_rcc.o ABSOLUTE
    ../Drivers/STM32G4xx_HAL_Driver/Src/stm32g4xx_hal_rcc_ex.c 0x00000000   Number         0  stm32g4xx_hal_rcc_ex.o ABSOLUTE
    ../Drivers/STM32G4xx_HAL_Driver/Src/stm32g4xx_hal_spi.c 0x00000000   Number         0  stm32g4xx_hal_spi.o ABSOLUTE
    ../Drivers/STM32G4xx_HAL_Driver/Src/stm32g4xx_hal_spi_ex.c 0x00000000   Number         0  stm32g4xx_hal_spi_ex.o ABSOLUTE
    ../Drivers/STM32G4xx_HAL_Driver/Src/stm32g4xx_hal_tim.c 0x00000000   Number         0  stm32g4xx_hal_tim.o ABSOLUTE
    ../Drivers/STM32G4xx_HAL_Driver/Src/stm32g4xx_hal_tim_ex.c 0x00000000   Number         0  stm32g4xx_hal_tim_ex.o ABSOLUTE
    ../Drivers/STM32G4xx_HAL_Driver/Src/stm32g4xx_hal_uart.c 0x00000000   Number         0  stm32g4xx_hal_uart.o ABSOLUTE
    ../Drivers/STM32G4xx_HAL_Driver/Src/stm32g4xx_hal_uart_ex.c 0x00000000   Number         0  stm32g4xx_hal_uart_ex.o ABSOLUTE
    ../clib/microlib/division.c              0x00000000   Number         0  uidiv.o ABSOLUTE
    ../clib/microlib/division.c              0x00000000   Number         0  uldiv.o ABSOLUTE
    ../clib/microlib/errno.c                 0x00000000   Number         0  errno.o ABSOLUTE
    ../clib/microlib/init/entry.s            0x00000000   Number         0  entry11b.o ABSOLUTE
    ../clib/microlib/init/entry.s            0x00000000   Number         0  entry11a.o ABSOLUTE
    ../clib/microlib/init/entry.s            0x00000000   Number         0  entry10b.o ABSOLUTE
    ../clib/microlib/init/entry.s            0x00000000   Number         0  entry10a.o ABSOLUTE
    ../clib/microlib/init/entry.s            0x00000000   Number         0  entry5.o ABSOLUTE
    ../clib/microlib/init/entry.s            0x00000000   Number         0  entry.o ABSOLUTE
    ../clib/microlib/init/entry.s            0x00000000   Number         0  entry9a.o ABSOLUTE
    ../clib/microlib/init/entry.s            0x00000000   Number         0  entry9b.o ABSOLUTE
    ../clib/microlib/init/entry.s            0x00000000   Number         0  entry8a.o ABSOLUTE
    ../clib/microlib/init/entry.s            0x00000000   Number         0  entry7a.o ABSOLUTE
    ../clib/microlib/init/entry.s            0x00000000   Number         0  entry7b.o ABSOLUTE
    ../clib/microlib/init/entry.s            0x00000000   Number         0  entry2.o ABSOLUTE
    ../clib/microlib/init/entry.s            0x00000000   Number         0  entry8b.o ABSOLUTE
    ../clib/microlib/longlong.c              0x00000000   Number         0  llushr.o ABSOLUTE
    ../clib/microlib/longlong.c              0x00000000   Number         0  llshl.o ABSOLUTE
    ../clib/microlib/longlong.c              0x00000000   Number         0  llsshr.o ABSOLUTE
    ../clib/microlib/printf/printf.c         0x00000000   Number         0  printf5.o ABSOLUTE
    ../clib/microlib/printf/printf.c         0x00000000   Number         0  printf6.o ABSOLUTE
    ../clib/microlib/printf/printf.c         0x00000000   Number         0  printf0.o ABSOLUTE
    ../clib/microlib/printf/printf.c         0x00000000   Number         0  printf7.o ABSOLUTE
    ../clib/microlib/printf/printf.c         0x00000000   Number         0  printf4.o ABSOLUTE
    ../clib/microlib/printf/printf.c         0x00000000   Number         0  printfb.o ABSOLUTE
    ../clib/microlib/printf/printf.c         0x00000000   Number         0  printf1.o ABSOLUTE
    ../clib/microlib/printf/printf.c         0x00000000   Number         0  printf2.o ABSOLUTE
    ../clib/microlib/printf/printf.c         0x00000000   Number         0  printfa.o ABSOLUTE
    ../clib/microlib/printf/printf.c         0x00000000   Number         0  printf3.o ABSOLUTE
    ../clib/microlib/printf/printf.c         0x00000000   Number         0  printf8.o ABSOLUTE
    ../clib/microlib/printf/stubs.s          0x00000000   Number         0  stubs.o ABSOLUTE
    ../clib/microlib/stdio/streams.c         0x00000000   Number         0  stdout.o ABSOLUTE
    ../clib/microlib/string/memset.c         0x00000000   Number         0  memseta.o ABSOLUTE
    ../clib/microlib/stubs.s                 0x00000000   Number         0  iusefp.o ABSOLUTE
    ../fplib/microlib/d2f.c                  0x00000000   Number         0  d2f.o ABSOLUTE
    ../fplib/microlib/f2d.c                  0x00000000   Number         0  f2d.o ABSOLUTE
    ../fplib/microlib/fpadd.c                0x00000000   Number         0  dadd.o ABSOLUTE
    ../fplib/microlib/fpdiv.c                0x00000000   Number         0  ddiv.o ABSOLUTE
    ../fplib/microlib/fpepilogue.c           0x00000000   Number         0  fepilogue.o ABSOLUTE
    ../fplib/microlib/fpepilogue.c           0x00000000   Number         0  depilogue.o ABSOLUTE
    ../fplib/microlib/fpfix.c                0x00000000   Number         0  dfixul.o ABSOLUTE
    ../fplib/microlib/fpflt.c                0x00000000   Number         0  dfltui.o ABSOLUTE
    ../fplib/microlib/fpmul.c                0x00000000   Number         0  dmul.o ABSOLUTE
    ../fplib/microlib/fpneg.c                0x00000000   Number         0  dneg.o ABSOLUTE
    ../fplib/microlib/fpsqrt.c               0x00000000   Number         0  dsqrt.o ABSOLUTE
    ../mathlib/asin.c                        0x00000000   Number         0  asin_x.o ABSOLUTE
    ../mathlib/asin.c                        0x00000000   Number         0  asin.o ABSOLUTE
    ../mathlib/atan.c                        0x00000000   Number         0  atan_x.o ABSOLUTE
    ../mathlib/atan.c                        0x00000000   Number         0  atan.o ABSOLUTE
    ../mathlib/dunder.c                      0x00000000   Number         0  dunder.o ABSOLUTE
    ../mathlib/fabs.c                        0x00000000   Number         0  fabs.o ABSOLUTE
    ../mathlib/fpclassify.c                  0x00000000   Number         0  fpclassify.o ABSOLUTE
    ../mathlib/poly.c                        0x00000000   Number         0  poly.o ABSOLUTE
    ../mathlib/sqrt.c                        0x00000000   Number         0  sqrt_x.o ABSOLUTE
    ../mathlib/sqrt.c                        0x00000000   Number         0  sqrt.o ABSOLUTE
    ..\Core\Src\gpio.c                       0x00000000   Number         0  gpio.o ABSOLUTE
    ..\Core\Src\main.c                       0x00000000   Number         0  main.o ABSOLUTE
    ..\Core\Src\spi.c                        0x00000000   Number         0  spi.o ABSOLUTE
    ..\Core\Src\stm32g4xx_hal_msp.c          0x00000000   Number         0  stm32g4xx_hal_msp.o ABSOLUTE
    ..\Core\Src\stm32g4xx_it.c               0x00000000   Number         0  stm32g4xx_it.o ABSOLUTE
    ..\Core\Src\system_stm32g4xx.c           0x00000000   Number         0  system_stm32g4xx.o ABSOLUTE
    ..\Core\Src\tim.c                        0x00000000   Number         0  tim.o ABSOLUTE
    ..\Core\Src\usart.c                      0x00000000   Number         0  usart.o ABSOLUTE
    ..\Drivers\Hardware\MahonyAHRS.c         0x00000000   Number         0  mahonyahrs.o ABSOLUTE
    ..\Drivers\Hardware\bmi088.c             0x00000000   Number         0  bmi088.o ABSOLUTE
    ..\Drivers\STM32G4xx_HAL_Driver\Src\stm32g4xx_hal.c 0x00000000   Number         0  stm32g4xx_hal.o ABSOLUTE
    ..\Drivers\STM32G4xx_HAL_Driver\Src\stm32g4xx_hal_cortex.c 0x00000000   Number         0  stm32g4xx_hal_cortex.o ABSOLUTE
    ..\Drivers\STM32G4xx_HAL_Driver\Src\stm32g4xx_hal_dma.c 0x00000000   Number         0  stm32g4xx_hal_dma.o ABSOLUTE
    ..\Drivers\STM32G4xx_HAL_Driver\Src\stm32g4xx_hal_dma_ex.c 0x00000000   Number         0  stm32g4xx_hal_dma_ex.o ABSOLUTE
    ..\Drivers\STM32G4xx_HAL_Driver\Src\stm32g4xx_hal_exti.c 0x00000000   Number         0  stm32g4xx_hal_exti.o ABSOLUTE
    ..\Drivers\STM32G4xx_HAL_Driver\Src\stm32g4xx_hal_flash.c 0x00000000   Number         0  stm32g4xx_hal_flash.o ABSOLUTE
    ..\Drivers\STM32G4xx_HAL_Driver\Src\stm32g4xx_hal_flash_ex.c 0x00000000   Number         0  stm32g4xx_hal_flash_ex.o ABSOLUTE
    ..\Drivers\STM32G4xx_HAL_Driver\Src\stm32g4xx_hal_flash_ramfunc.c 0x00000000   Number         0  stm32g4xx_hal_flash_ramfunc.o ABSOLUTE
    ..\Drivers\STM32G4xx_HAL_Driver\Src\stm32g4xx_hal_gpio.c 0x00000000   Number         0  stm32g4xx_hal_gpio.o ABSOLUTE
    ..\Drivers\STM32G4xx_HAL_Driver\Src\stm32g4xx_hal_pwr.c 0x00000000   Number         0  stm32g4xx_hal_pwr.o ABSOLUTE
    ..\Drivers\STM32G4xx_HAL_Driver\Src\stm32g4xx_hal_pwr_ex.c 0x00000000   Number         0  stm32g4xx_hal_pwr_ex.o ABSOLUTE
    ..\Drivers\STM32G4xx_HAL_Driver\Src\stm32g4xx_hal_rcc.c 0x00000000   Number         0  stm32g4xx_hal_rcc.o ABSOLUTE
    ..\Drivers\STM32G4xx_HAL_Driver\Src\stm32g4xx_hal_rcc_ex.c 0x00000000   Number         0  stm32g4xx_hal_rcc_ex.o ABSOLUTE
    ..\Drivers\STM32G4xx_HAL_Driver\Src\stm32g4xx_hal_spi.c 0x00000000   Number         0  stm32g4xx_hal_spi.o ABSOLUTE
    ..\Drivers\STM32G4xx_HAL_Driver\Src\stm32g4xx_hal_spi_ex.c 0x00000000   Number         0  stm32g4xx_hal_spi_ex.o ABSOLUTE
    ..\Drivers\STM32G4xx_HAL_Driver\Src\stm32g4xx_hal_tim.c 0x00000000   Number         0  stm32g4xx_hal_tim.o ABSOLUTE
    ..\Drivers\STM32G4xx_HAL_Driver\Src\stm32g4xx_hal_tim_ex.c 0x00000000   Number         0  stm32g4xx_hal_tim_ex.o ABSOLUTE
    ..\Drivers\STM32G4xx_HAL_Driver\Src\stm32g4xx_hal_uart.c 0x00000000   Number         0  stm32g4xx_hal_uart.o ABSOLUTE
    ..\Drivers\STM32G4xx_HAL_Driver\Src\stm32g4xx_hal_uart_ex.c 0x00000000   Number         0  stm32g4xx_hal_uart_ex.o ABSOLUTE
    ..\\Drivers\\Hardware\\bmi088.c          0x00000000   Number         0  bmi088.o ABSOLUTE
    cdcmple.s                                0x00000000   Number         0  cdcmple.o ABSOLUTE
    cdrcmple.s                               0x00000000   Number         0  cdrcmple.o ABSOLUTE
    dc.s                                     0x00000000   Number         0  dc.o ABSOLUTE
    handlers.s                               0x00000000   Number         0  handlers.o ABSOLUTE
    init.s                                   0x00000000   Number         0  init.o ABSOLUTE
    startup_stm32g431xx.s                    0x00000000   Number         0  startup_stm32g431xx.o ABSOLUTE
    RESET                                    0x08000000   Section      472  startup_stm32g431xx.o(RESET)
    .ARM.Collect$$$$00000000                 0x080001d8   Section        0  entry.o(.ARM.Collect$$$$00000000)
    .ARM.Collect$$$$00000001                 0x080001d8   Section        4  entry2.o(.ARM.Collect$$$$00000001)
    .ARM.Collect$$$$00000004                 0x080001dc   Section        4  entry5.o(.ARM.Collect$$$$00000004)
    .ARM.Collect$$$$00000008                 0x080001e0   Section        0  entry7b.o(.ARM.Collect$$$$00000008)
    .ARM.Collect$$$$0000000A                 0x080001e0   Section        0  entry8b.o(.ARM.Collect$$$$0000000A)
    .ARM.Collect$$$$0000000B                 0x080001e0   Section        8  entry9a.o(.ARM.Collect$$$$0000000B)
    .ARM.Collect$$$$0000000D                 0x080001e8   Section        0  entry10a.o(.ARM.Collect$$$$0000000D)
    .ARM.Collect$$$$0000000F                 0x080001e8   Section        0  entry11a.o(.ARM.Collect$$$$0000000F)
    .ARM.Collect$$$$00002712                 0x080001e8   Section        4  entry2.o(.ARM.Collect$$$$00002712)
    __lit__00000000                          0x080001e8   Data           4  entry2.o(.ARM.Collect$$$$00002712)
    .text                                    0x080001ec   Section       36  startup_stm32g431xx.o(.text)
    $v0                                      0x080001ec   Number         0  startup_stm32g431xx.o(.text)
    .text                                    0x08000210   Section        0  uldiv.o(.text)
    .text                                    0x08000272   Section        0  memseta.o(.text)
    .text                                    0x08000296   Section        0  dadd.o(.text)
    .text                                    0x080003e4   Section        0  dmul.o(.text)
    .text                                    0x080004c8   Section        0  ddiv.o(.text)
    .text                                    0x080005a6   Section        0  f2d.o(.text)
    .text                                    0x080005cc   Section       48  cdrcmple.o(.text)
    .text                                    0x080005fc   Section        0  d2f.o(.text)
    .text                                    0x08000634   Section        0  uidiv.o(.text)
    .text                                    0x08000660   Section        0  llshl.o(.text)
    .text                                    0x0800067e   Section        0  llushr.o(.text)
    .text                                    0x0800069e   Section        0  llsshr.o(.text)
    .text                                    0x080006c2   Section        0  iusefp.o(.text)
    .text                                    0x080006c2   Section        0  fepilogue.o(.text)
    .text                                    0x08000730   Section        0  depilogue.o(.text)
    .text                                    0x080007ea   Section        0  dfixul.o(.text)
    .text                                    0x0800081c   Section       36  init.o(.text)
    .text                                    0x08000840   Section        0  dsqrt.o(.text)
    i.BMI088_CONF_INIT                       0x080008e4   Section        0  bmi088.o(i.BMI088_CONF_INIT)
    i.BMI088_INIT                            0x08000950   Section        0  bmi088.o(i.BMI088_INIT)
    i.BusFault_Handler                       0x08000974   Section        0  stm32g4xx_it.o(i.BusFault_Handler)
    i.DebugMon_Handler                       0x08000978   Section        0  stm32g4xx_it.o(i.DebugMon_Handler)
    i.Error_Handler                          0x0800097a   Section        0  main.o(i.Error_Handler)
    i.HAL_Delay                              0x08000980   Section        0  stm32g4xx_hal.o(i.HAL_Delay)
    i.HAL_GPIO_Init                          0x080009a8   Section        0  stm32g4xx_hal_gpio.o(i.HAL_GPIO_Init)
    i.HAL_GPIO_WritePin                      0x08000b74   Section        0  stm32g4xx_hal_gpio.o(i.HAL_GPIO_WritePin)
    i.HAL_GetTick                            0x08000b80   Section        0  stm32g4xx_hal.o(i.HAL_GetTick)
    i.HAL_IncTick                            0x08000b8c   Section        0  stm32g4xx_hal.o(i.HAL_IncTick)
    i.HAL_Init                               0x08000ba4   Section        0  stm32g4xx_hal.o(i.HAL_Init)
    i.HAL_InitTick                           0x08000bc4   Section        0  stm32g4xx_hal.o(i.HAL_InitTick)
    i.HAL_MspInit                            0x08000c1c   Section        0  stm32g4xx_hal_msp.o(i.HAL_MspInit)
    i.HAL_NVIC_EnableIRQ                     0x08000c60   Section        0  stm32g4xx_hal_cortex.o(i.HAL_NVIC_EnableIRQ)
    i.HAL_NVIC_SetPriority                   0x08000c88   Section        0  stm32g4xx_hal_cortex.o(i.HAL_NVIC_SetPriority)
    i.HAL_NVIC_SetPriorityGrouping           0x08000d04   Section        0  stm32g4xx_hal_cortex.o(i.HAL_NVIC_SetPriorityGrouping)
    i.HAL_PWREx_ControlVoltageScaling        0x08000d2c   Section        0  stm32g4xx_hal_pwr_ex.o(i.HAL_PWREx_ControlVoltageScaling)
    i.HAL_PWREx_DisableUCPDDeadBattery       0x08000e44   Section        0  stm32g4xx_hal_pwr_ex.o(i.HAL_PWREx_DisableUCPDDeadBattery)
    i.HAL_RCCEx_PeriphCLKConfig              0x08000e58   Section        0  stm32g4xx_hal_rcc_ex.o(i.HAL_RCCEx_PeriphCLKConfig)
    i.HAL_RCC_ClockConfig                    0x080011c8   Section        0  stm32g4xx_hal_rcc.o(i.HAL_RCC_ClockConfig)
    i.HAL_RCC_GetHCLKFreq                    0x080013ec   Section        0  stm32g4xx_hal_rcc.o(i.HAL_RCC_GetHCLKFreq)
    i.HAL_RCC_GetPCLK1Freq                   0x080013f8   Section        0  stm32g4xx_hal_rcc.o(i.HAL_RCC_GetPCLK1Freq)
    i.HAL_RCC_GetPCLK2Freq                   0x0800141c   Section        0  stm32g4xx_hal_rcc.o(i.HAL_RCC_GetPCLK2Freq)
    i.HAL_RCC_GetSysClockFreq                0x08001440   Section        0  stm32g4xx_hal_rcc.o(i.HAL_RCC_GetSysClockFreq)
    i.HAL_RCC_OscConfig                      0x080014d8   Section        0  stm32g4xx_hal_rcc.o(i.HAL_RCC_OscConfig)
    i.HAL_SPI_GetState                       0x08001a40   Section        0  stm32g4xx_hal_spi.o(i.HAL_SPI_GetState)
    i.HAL_SPI_Init                           0x08001a48   Section        0  stm32g4xx_hal_spi.o(i.HAL_SPI_Init)
    i.HAL_SPI_MspInit                        0x08001b44   Section        0  spi.o(i.HAL_SPI_MspInit)
    i.HAL_SPI_Receive                        0x08001bb8   Section        0  stm32g4xx_hal_spi.o(i.HAL_SPI_Receive)
    i.HAL_SPI_Transmit                       0x08001d5e   Section        0  stm32g4xx_hal_spi.o(i.HAL_SPI_Transmit)
    i.HAL_SPI_TransmitReceive                0x08001f48   Section        0  stm32g4xx_hal_spi.o(i.HAL_SPI_TransmitReceive)
    i.HAL_SYSTICK_Config                     0x08002204   Section        0  stm32g4xx_hal_cortex.o(i.HAL_SYSTICK_Config)
    i.HAL_TIMEx_Break2Callback               0x08002238   Section        0  stm32g4xx_hal_tim_ex.o(i.HAL_TIMEx_Break2Callback)
    i.HAL_TIMEx_BreakCallback                0x0800223a   Section        0  stm32g4xx_hal_tim_ex.o(i.HAL_TIMEx_BreakCallback)
    i.HAL_TIMEx_CommutCallback               0x0800223c   Section        0  stm32g4xx_hal_tim_ex.o(i.HAL_TIMEx_CommutCallback)
    i.HAL_TIMEx_DirectionChangeCallback      0x0800223e   Section        0  stm32g4xx_hal_tim_ex.o(i.HAL_TIMEx_DirectionChangeCallback)
    i.HAL_TIMEx_EncoderIndexCallback         0x08002240   Section        0  stm32g4xx_hal_tim_ex.o(i.HAL_TIMEx_EncoderIndexCallback)
    i.HAL_TIMEx_IndexErrorCallback           0x08002242   Section        0  stm32g4xx_hal_tim_ex.o(i.HAL_TIMEx_IndexErrorCallback)
    i.HAL_TIMEx_MasterConfigSynchronization  0x08002244   Section        0  stm32g4xx_hal_tim_ex.o(i.HAL_TIMEx_MasterConfigSynchronization)
    i.HAL_TIMEx_TransitionErrorCallback      0x080022fc   Section        0  stm32g4xx_hal_tim_ex.o(i.HAL_TIMEx_TransitionErrorCallback)
    i.HAL_TIM_Base_Init                      0x080022fe   Section        0  stm32g4xx_hal_tim.o(i.HAL_TIM_Base_Init)
    i.HAL_TIM_Base_MspInit                   0x0800236c   Section        0  tim.o(i.HAL_TIM_Base_MspInit)
    i.HAL_TIM_Base_Start_IT                  0x080023b0   Section        0  stm32g4xx_hal_tim.o(i.HAL_TIM_Base_Start_IT)
    i.HAL_TIM_ConfigClockSource              0x0800244c   Section        0  stm32g4xx_hal_tim.o(i.HAL_TIM_ConfigClockSource)
    i.HAL_TIM_IC_CaptureCallback             0x08002580   Section        0  stm32g4xx_hal_tim.o(i.HAL_TIM_IC_CaptureCallback)
    i.HAL_TIM_IRQHandler                     0x08002582   Section        0  stm32g4xx_hal_tim.o(i.HAL_TIM_IRQHandler)
    i.HAL_TIM_MspPostInit                    0x080027c4   Section        0  tim.o(i.HAL_TIM_MspPostInit)
    i.HAL_TIM_OC_DelayElapsedCallback        0x0800281c   Section        0  stm32g4xx_hal_tim.o(i.HAL_TIM_OC_DelayElapsedCallback)
    i.HAL_TIM_PWM_ConfigChannel              0x0800281e   Section        0  stm32g4xx_hal_tim.o(i.HAL_TIM_PWM_ConfigChannel)
    i.HAL_TIM_PWM_Init                       0x0800298e   Section        0  stm32g4xx_hal_tim.o(i.HAL_TIM_PWM_Init)
    i.HAL_TIM_PWM_MspInit                    0x080029fc   Section        0  stm32g4xx_hal_tim.o(i.HAL_TIM_PWM_MspInit)
    i.HAL_TIM_PWM_PulseFinishedCallback      0x080029fe   Section        0  stm32g4xx_hal_tim.o(i.HAL_TIM_PWM_PulseFinishedCallback)
    i.HAL_TIM_PWM_Start                      0x08002a00   Section        0  stm32g4xx_hal_tim.o(i.HAL_TIM_PWM_Start)
    i.HAL_TIM_PeriodElapsedCallback          0x08002b4c   Section        0  tim.o(i.HAL_TIM_PeriodElapsedCallback)
    i.HAL_TIM_TriggerCallback                0x08002b64   Section        0  stm32g4xx_hal_tim.o(i.HAL_TIM_TriggerCallback)
    i.HAL_UARTEx_DisableFifoMode             0x08002b66   Section        0  stm32g4xx_hal_uart_ex.o(i.HAL_UARTEx_DisableFifoMode)
    i.HAL_UARTEx_SetRxFifoThreshold          0x08002bb4   Section        0  stm32g4xx_hal_uart_ex.o(i.HAL_UARTEx_SetRxFifoThreshold)
    i.HAL_UARTEx_SetTxFifoThreshold          0x08002c12   Section        0  stm32g4xx_hal_uart_ex.o(i.HAL_UARTEx_SetTxFifoThreshold)
    i.HAL_UART_Init                          0x08002c70   Section        0  stm32g4xx_hal_uart.o(i.HAL_UART_Init)
    i.HAL_UART_MspInit                       0x08002ce8   Section        0  usart.o(i.HAL_UART_MspInit)
    i.HardFault_Handler                      0x08002da0   Section        0  stm32g4xx_it.o(i.HardFault_Handler)
    i.MX_GPIO_Init                           0x08002da4   Section        0  gpio.o(i.MX_GPIO_Init)
    i.MX_SPI1_Init                           0x08002e5c   Section        0  spi.o(i.MX_SPI1_Init)
    i.MX_TIM2_Init                           0x08002eac   Section        0  tim.o(i.MX_TIM2_Init)
    i.MX_TIM6_Init                           0x08002f58   Section        0  tim.o(i.MX_TIM6_Init)
    i.MX_USART1_UART_Init                    0x08002fa8   Section        0  usart.o(i.MX_USART1_UART_Init)
    i.MahonyAHRSupdateIMU                    0x08003014   Section        0  mahonyahrs.o(i.MahonyAHRSupdateIMU)
    i.MemManage_Handler                      0x0800339c   Section        0  stm32g4xx_it.o(i.MemManage_Handler)
    i.NMI_Handler                            0x080033a0   Section        0  stm32g4xx_it.o(i.NMI_Handler)
    i.PendSV_Handler                         0x080033a4   Section        0  stm32g4xx_it.o(i.PendSV_Handler)
    i.RCC_GetSysClockFreqFromPLLSource       0x080033a8   Section        0  stm32g4xx_hal_rcc.o(i.RCC_GetSysClockFreqFromPLLSource)
    RCC_GetSysClockFreqFromPLLSource         0x080033a9   Thumb Code    90  stm32g4xx_hal_rcc.o(i.RCC_GetSysClockFreqFromPLLSource)
    i.ReadAccData                            0x08003410   Section        0  bmi088.o(i.ReadAccData)
    i.ReadAccTemperature                     0x080034a4   Section        0  bmi088.o(i.ReadAccTemperature)
    i.ReadGyroData                           0x080034ec   Section        0  bmi088.o(i.ReadGyroData)
    i.ReadMultiDataFromAcc                   0x080035a4   Section        0  bmi088.o(i.ReadMultiDataFromAcc)
    i.ReadMultiDataFromGyro                  0x08003634   Section        0  bmi088.o(i.ReadMultiDataFromGyro)
    i.ReadSingleDataFromAcc                  0x080036a8   Section        0  bmi088.o(i.ReadSingleDataFromAcc)
    i.ReadSingleDataFromGyro                 0x08003720   Section        0  bmi088.o(i.ReadSingleDataFromGyro)
    i.SPI_EndRxTransaction                   0x08003780   Section        0  stm32g4xx_hal_spi.o(i.SPI_EndRxTransaction)
    SPI_EndRxTransaction                     0x08003781   Thumb Code   130  stm32g4xx_hal_spi.o(i.SPI_EndRxTransaction)
    i.SPI_EndRxTxTransaction                 0x08003802   Section        0  stm32g4xx_hal_spi.o(i.SPI_EndRxTxTransaction)
    SPI_EndRxTxTransaction                   0x08003803   Thumb Code   100  stm32g4xx_hal_spi.o(i.SPI_EndRxTxTransaction)
    i.SPI_WaitFifoStateUntilTimeout          0x08003868   Section        0  stm32g4xx_hal_spi.o(i.SPI_WaitFifoStateUntilTimeout)
    SPI_WaitFifoStateUntilTimeout            0x08003869   Thumb Code   242  stm32g4xx_hal_spi.o(i.SPI_WaitFifoStateUntilTimeout)
    i.SPI_WaitFlagStateUntilTimeout          0x08003960   Section        0  stm32g4xx_hal_spi.o(i.SPI_WaitFlagStateUntilTimeout)
    SPI_WaitFlagStateUntilTimeout            0x08003961   Thumb Code   210  stm32g4xx_hal_spi.o(i.SPI_WaitFlagStateUntilTimeout)
    i.SVC_Handler                            0x08003a38   Section        0  stm32g4xx_it.o(i.SVC_Handler)
    i.SysTick_Handler                        0x08003a3a   Section        0  stm32g4xx_it.o(i.SysTick_Handler)
    i.SystemClock_Config                     0x08003a42   Section        0  main.o(i.SystemClock_Config)
    i.SystemInit                             0x08003ab0   Section        0  system_stm32g4xx.o(i.SystemInit)
    i.TIM6_DAC_IRQHandler                    0x08003ac4   Section        0  stm32g4xx_it.o(i.TIM6_DAC_IRQHandler)
    i.TIM_Base_SetConfig                     0x08003ad4   Section        0  stm32g4xx_hal_tim.o(i.TIM_Base_SetConfig)
    i.TIM_CCxChannelCmd                      0x08003b90   Section        0  stm32g4xx_hal_tim.o(i.TIM_CCxChannelCmd)
    i.TIM_ETR_SetConfig                      0x08003bb2   Section        0  stm32g4xx_hal_tim.o(i.TIM_ETR_SetConfig)
    i.TIM_ITRx_SetConfig                     0x08003bc8   Section        0  stm32g4xx_hal_tim.o(i.TIM_ITRx_SetConfig)
    TIM_ITRx_SetConfig                       0x08003bc9   Thumb Code    18  stm32g4xx_hal_tim.o(i.TIM_ITRx_SetConfig)
    i.TIM_OC1_SetConfig                      0x08003be0   Section        0  stm32g4xx_hal_tim.o(i.TIM_OC1_SetConfig)
    TIM_OC1_SetConfig                        0x08003be1   Thumb Code   146  stm32g4xx_hal_tim.o(i.TIM_OC1_SetConfig)
    i.TIM_OC2_SetConfig                      0x08003c8c   Section        0  stm32g4xx_hal_tim.o(i.TIM_OC2_SetConfig)
    i.TIM_OC3_SetConfig                      0x08003d40   Section        0  stm32g4xx_hal_tim.o(i.TIM_OC3_SetConfig)
    TIM_OC3_SetConfig                        0x08003d41   Thumb Code   154  stm32g4xx_hal_tim.o(i.TIM_OC3_SetConfig)
    i.TIM_OC4_SetConfig                      0x08003df4   Section        0  stm32g4xx_hal_tim.o(i.TIM_OC4_SetConfig)
    TIM_OC4_SetConfig                        0x08003df5   Thumb Code   156  stm32g4xx_hal_tim.o(i.TIM_OC4_SetConfig)
    i.TIM_OC5_SetConfig                      0x08003ea8   Section        0  stm32g4xx_hal_tim.o(i.TIM_OC5_SetConfig)
    TIM_OC5_SetConfig                        0x08003ea9   Thumb Code    86  stm32g4xx_hal_tim.o(i.TIM_OC5_SetConfig)
    i.TIM_OC6_SetConfig                      0x08003f18   Section        0  stm32g4xx_hal_tim.o(i.TIM_OC6_SetConfig)
    TIM_OC6_SetConfig                        0x08003f19   Thumb Code    88  stm32g4xx_hal_tim.o(i.TIM_OC6_SetConfig)
    i.TIM_TI1_ConfigInputStage               0x08003f88   Section        0  stm32g4xx_hal_tim.o(i.TIM_TI1_ConfigInputStage)
    TIM_TI1_ConfigInputStage                 0x08003f89   Thumb Code    38  stm32g4xx_hal_tim.o(i.TIM_TI1_ConfigInputStage)
    i.TIM_TI2_ConfigInputStage               0x08003fae   Section        0  stm32g4xx_hal_tim.o(i.TIM_TI2_ConfigInputStage)
    TIM_TI2_ConfigInputStage                 0x08003faf   Thumb Code    40  stm32g4xx_hal_tim.o(i.TIM_TI2_ConfigInputStage)
    i.UARTEx_SetNbDataToProcess              0x08003fd8   Section        0  stm32g4xx_hal_uart_ex.o(i.UARTEx_SetNbDataToProcess)
    UARTEx_SetNbDataToProcess                0x08003fd9   Thumb Code    78  stm32g4xx_hal_uart_ex.o(i.UARTEx_SetNbDataToProcess)
    i.UART_AdvFeatureConfig                  0x08004030   Section        0  stm32g4xx_hal_uart.o(i.UART_AdvFeatureConfig)
    i.UART_CheckIdleState                    0x08004128   Section        0  stm32g4xx_hal_uart.o(i.UART_CheckIdleState)
    i.UART_SetConfig                         0x080041a0   Section        0  stm32g4xx_hal_uart.o(i.UART_SetConfig)
    i.UART_WaitOnFlagUntilTimeout            0x08004524   Section        0  stm32g4xx_hal_uart.o(i.UART_WaitOnFlagUntilTimeout)
    i.UsageFault_Handler                     0x08004622   Section        0  stm32g4xx_it.o(i.UsageFault_Handler)
    i.VerifyAccChipID                        0x08004626   Section        0  bmi088.o(i.VerifyAccChipID)
    i.VerifyAccSelfTest                      0x08004640   Section        0  bmi088.o(i.VerifyAccSelfTest)
    i.VerifyGyroChipID                       0x08004798   Section        0  bmi088.o(i.VerifyGyroChipID)
    i.VerifyGyroSelfTest                     0x080047b2   Section        0  bmi088.o(i.VerifyGyroSelfTest)
    i.WriteDataToAcc                         0x08004824   Section        0  bmi088.o(i.WriteDataToAcc)
    i.WriteDataToGyro                        0x0800488c   Section        0  bmi088.o(i.WriteDataToGyro)
    i.__0printf                              0x080048f4   Section        0  printfa.o(i.__0printf)
    i.__ARM_fpclassify                       0x08004914   Section        0  fpclassify.o(i.__ARM_fpclassify)
    i.__NVIC_GetPriorityGrouping             0x08004944   Section        0  stm32g4xx_hal_cortex.o(i.__NVIC_GetPriorityGrouping)
    __NVIC_GetPriorityGrouping               0x08004945   Thumb Code    10  stm32g4xx_hal_cortex.o(i.__NVIC_GetPriorityGrouping)
    i.__NVIC_SetPriority                     0x08004954   Section        0  stm32g4xx_hal_cortex.o(i.__NVIC_SetPriority)
    __NVIC_SetPriority                       0x08004955   Thumb Code    32  stm32g4xx_hal_cortex.o(i.__NVIC_SetPriority)
    i.__hardfp_asin                          0x08004980   Section        0  asin.o(i.__hardfp_asin)
    i.__hardfp_atan                          0x08004ce0   Section        0  atan.o(i.__hardfp_atan)
    i.__hardfp_fabs                          0x08004fb8   Section        0  fabs.o(i.__hardfp_fabs)
    i.__kernel_poly                          0x08004fcc   Section        0  poly.o(i.__kernel_poly)
    i.__mathlib_dbl_infnan                   0x080050c4   Section        0  dunder.o(i.__mathlib_dbl_infnan)
    i.__mathlib_dbl_invalid                  0x080050d8   Section        0  dunder.o(i.__mathlib_dbl_invalid)
    i.__mathlib_dbl_underflow                0x080050f8   Section        0  dunder.o(i.__mathlib_dbl_underflow)
    i.__scatterload_copy                     0x08005118   Section       14  handlers.o(i.__scatterload_copy)
    i.__scatterload_null                     0x08005126   Section        2  handlers.o(i.__scatterload_null)
    i.__scatterload_zeroinit                 0x08005128   Section       14  handlers.o(i.__scatterload_zeroinit)
    i.__set_errno                            0x08005138   Section        0  errno.o(i.__set_errno)
    i._fp_digits                             0x08005144   Section        0  printfa.o(i._fp_digits)
    _fp_digits                               0x08005145   Thumb Code   366  printfa.o(i._fp_digits)
    i._printf_core                           0x080052c8   Section        0  printfa.o(i._printf_core)
    _printf_core                             0x080052c9   Thumb Code  1744  printfa.o(i._printf_core)
    i._printf_post_padding                   0x080059a4   Section        0  printfa.o(i._printf_post_padding)
    _printf_post_padding                     0x080059a5   Thumb Code    36  printfa.o(i._printf_post_padding)
    i._printf_pre_padding                    0x080059c8   Section        0  printfa.o(i._printf_pre_padding)
    _printf_pre_padding                      0x080059c9   Thumb Code    46  printfa.o(i._printf_pre_padding)
    i.fabs                                   0x080059f6   Section        0  fabs.o(i.fabs)
    i.fputc                                  0x08005a10   Section        0  usart.o(i.fputc)
    i.invSqrt                                0x08005a2c   Section        0  mahonyahrs.o(i.invSqrt)
    invSqrt                                  0x08005a2d   Thumb Code    56  mahonyahrs.o(i.invSqrt)
    i.main                                   0x08005a68   Section        0  main.o(i.main)
    i.sqrt                                   0x08005d24   Section        0  sqrt.o(i.sqrt)
    .constdata                               0x08005d92   Section       24  stm32g4xx_hal_uart.o(.constdata)
    .constdata                               0x08005daa   Section       16  stm32g4xx_hal_uart_ex.o(.constdata)
    numerator                                0x08005daa   Data           8  stm32g4xx_hal_uart_ex.o(.constdata)
    denominator                              0x08005db2   Data           8  stm32g4xx_hal_uart_ex.o(.constdata)
    .constdata                               0x08005dba   Section       24  system_stm32g4xx.o(.constdata)
    .constdata                               0x08005dd8   Section       80  asin.o(.constdata)
    pS                                       0x08005dd8   Data          48  asin.o(.constdata)
    qS                                       0x08005e08   Data          32  asin.o(.constdata)
    .constdata                               0x08005e28   Section      152  atan.o(.constdata)
    atanhi                                   0x08005e28   Data          32  atan.o(.constdata)
    atanlo                                   0x08005e48   Data          32  atan.o(.constdata)
    aTodd                                    0x08005e68   Data          40  atan.o(.constdata)
    aTeven                                   0x08005e90   Data          48  atan.o(.constdata)
    .data                                    0x20000000   Section        1  tim.o(.data)
    .data                                    0x20000004   Section       56  mahonyahrs.o(.data)
    q_bias                                   0x20000034   Data           4  mahonyahrs.o(.data)
    q_bias                                   0x20000038   Data           4  mahonyahrs.o(.data)
    .data                                    0x2000003c   Section       12  stm32g4xx_hal.o(.data)
    .data                                    0x20000048   Section        4  system_stm32g4xx.o(.data)
    .data                                    0x2000004c   Section        4  stdout.o(.data)
    .data                                    0x20000050   Section        4  errno.o(.data)
    _errno                                   0x20000050   Data           4  errno.o(.data)
    .bss                                     0x20000054   Section      100  spi.o(.bss)
    .bss                                     0x200000b8   Section      152  tim.o(.bss)
    .bss                                     0x20000150   Section      144  usart.o(.bss)
    STACK                                    0x200001e0   Section     1024  startup_stm32g431xx.o(STACK)

    Global Symbols

    Symbol Name                              Value     Ov Type        Size  Object(Section)

    BuildAttributes$$THM_ISAv4$E$P$D$K$B$S$7EM$VFPi3$EXTD16$VFPS$VFMA$PE$A:L22UL41UL21$X:L11$S22US41US21$IEEE1$IW$USESV6$~STKCKD$USESV7$~SHL$OTIME$ROPI$IEEEX$EBA8$MICROLIB$REQ8$PRES8$EABIv2 0x00000000   Number         0  anon$$obj.o ABSOLUTE
    __ARM_use_no_argv                        0x00000000   Number         0  main.o ABSOLUTE
    _printf_a                                0x00000000   Number         0  stubs.o ABSOLUTE
    _printf_c                                0x00000000   Number         0  stubs.o ABSOLUTE
    _printf_charcount                        0x00000000   Number         0  stubs.o ABSOLUTE
    _printf_d                                0x00000000   Number         0  stubs.o ABSOLUTE
    _printf_e                                0x00000000   Number         0  stubs.o ABSOLUTE
    _printf_f                                0x00000000   Number         0  stubs.o ABSOLUTE
    _printf_flags                            0x00000000   Number         0  stubs.o ABSOLUTE
    _printf_fp_dec                           0x00000000   Number         0  stubs.o ABSOLUTE
    _printf_fp_hex                           0x00000000   Number         0  stubs.o ABSOLUTE
    _printf_g                                0x00000000   Number         0  stubs.o ABSOLUTE
    _printf_i                                0x00000000   Number         0  stubs.o ABSOLUTE
    _printf_int_dec                          0x00000000   Number         0  stubs.o ABSOLUTE
    _printf_l                                0x00000000   Number         0  stubs.o ABSOLUTE
    _printf_lc                               0x00000000   Number         0  stubs.o ABSOLUTE
    _printf_ll                               0x00000000   Number         0  stubs.o ABSOLUTE
    _printf_lld                              0x00000000   Number         0  stubs.o ABSOLUTE
    _printf_lli                              0x00000000   Number         0  stubs.o ABSOLUTE
    _printf_llo                              0x00000000   Number         0  stubs.o ABSOLUTE
    _printf_llu                              0x00000000   Number         0  stubs.o ABSOLUTE
    _printf_llx                              0x00000000   Number         0  stubs.o ABSOLUTE
    _printf_longlong_dec                     0x00000000   Number         0  stubs.o ABSOLUTE
    _printf_longlong_hex                     0x00000000   Number         0  stubs.o ABSOLUTE
    _printf_longlong_oct                     0x00000000   Number         0  stubs.o ABSOLUTE
    _printf_ls                               0x00000000   Number         0  stubs.o ABSOLUTE
    _printf_mbtowc                           0x00000000   Number         0  stubs.o ABSOLUTE
    _printf_n                                0x00000000   Number         0  stubs.o ABSOLUTE
    _printf_o                                0x00000000   Number         0  stubs.o ABSOLUTE
    _printf_p                                0x00000000   Number         0  stubs.o ABSOLUTE
    _printf_percent                          0x00000000   Number         0  stubs.o ABSOLUTE
    _printf_pre_padding                      0x00000000   Number         0  stubs.o ABSOLUTE
    _printf_return_value                     0x00000000   Number         0  stubs.o ABSOLUTE
    _printf_s                                0x00000000   Number         0  stubs.o ABSOLUTE
    _printf_sizespec                         0x00000000   Number         0  stubs.o ABSOLUTE
    _printf_str                              0x00000000   Number         0  stubs.o ABSOLUTE
    _printf_truncate_signed                  0x00000000   Number         0  stubs.o ABSOLUTE
    _printf_truncate_unsigned                0x00000000   Number         0  stubs.o ABSOLUTE
    _printf_u                                0x00000000   Number         0  stubs.o ABSOLUTE
    _printf_wc                               0x00000000   Number         0  stubs.o ABSOLUTE
    _printf_wctomb                           0x00000000   Number         0  stubs.o ABSOLUTE
    _printf_widthprec                        0x00000000   Number         0  stubs.o ABSOLUTE
    _printf_x                                0x00000000   Number         0  stubs.o ABSOLUTE
    __cpp_initialize__aeabi_                  - Undefined Weak Reference
    __cxa_finalize                            - Undefined Weak Reference
    __decompress                              - Undefined Weak Reference
    _clock_init                               - Undefined Weak Reference
    _microlib_exit                            - Undefined Weak Reference
    __Vectors_Size                           0x000001d8   Number         0  startup_stm32g431xx.o ABSOLUTE
    __Vectors                                0x08000000   Data           4  startup_stm32g431xx.o(RESET)
    __Vectors_End                            0x080001d8   Data           0  startup_stm32g431xx.o(RESET)
    __main                                   0x080001d9   Thumb Code     0  entry.o(.ARM.Collect$$$$00000000)
    _main_stk                                0x080001d9   Thumb Code     0  entry2.o(.ARM.Collect$$$$00000001)
    _main_scatterload                        0x080001dd   Thumb Code     0  entry5.o(.ARM.Collect$$$$00000004)
    __main_after_scatterload                 0x080001e1   Thumb Code     0  entry5.o(.ARM.Collect$$$$00000004)
    _main_clock                              0x080001e1   Thumb Code     0  entry7b.o(.ARM.Collect$$$$00000008)
    _main_cpp_init                           0x080001e1   Thumb Code     0  entry8b.o(.ARM.Collect$$$$0000000A)
    _main_init                               0x080001e1   Thumb Code     0  entry9a.o(.ARM.Collect$$$$0000000B)
    __rt_final_cpp                           0x080001e9   Thumb Code     0  entry10a.o(.ARM.Collect$$$$0000000D)
    __rt_final_exit                          0x080001e9   Thumb Code     0  entry11a.o(.ARM.Collect$$$$0000000F)
    Reset_Handler                            0x080001ed   Thumb Code     8  startup_stm32g431xx.o(.text)
    ADC1_2_IRQHandler                        0x08000207   Thumb Code     0  startup_stm32g431xx.o(.text)
    COMP1_2_3_IRQHandler                     0x08000207   Thumb Code     0  startup_stm32g431xx.o(.text)
    COMP4_IRQHandler                         0x08000207   Thumb Code     0  startup_stm32g431xx.o(.text)
    CORDIC_IRQHandler                        0x08000207   Thumb Code     0  startup_stm32g431xx.o(.text)
    CRS_IRQHandler                           0x08000207   Thumb Code     0  startup_stm32g431xx.o(.text)
    DMA1_Channel1_IRQHandler                 0x08000207   Thumb Code     0  startup_stm32g431xx.o(.text)
    DMA1_Channel2_IRQHandler                 0x08000207   Thumb Code     0  startup_stm32g431xx.o(.text)
    DMA1_Channel3_IRQHandler                 0x08000207   Thumb Code     0  startup_stm32g431xx.o(.text)
    DMA1_Channel4_IRQHandler                 0x08000207   Thumb Code     0  startup_stm32g431xx.o(.text)
    DMA1_Channel5_IRQHandler                 0x08000207   Thumb Code     0  startup_stm32g431xx.o(.text)
    DMA1_Channel6_IRQHandler                 0x08000207   Thumb Code     0  startup_stm32g431xx.o(.text)
    DMA2_Channel1_IRQHandler                 0x08000207   Thumb Code     0  startup_stm32g431xx.o(.text)
    DMA2_Channel2_IRQHandler                 0x08000207   Thumb Code     0  startup_stm32g431xx.o(.text)
    DMA2_Channel3_IRQHandler                 0x08000207   Thumb Code     0  startup_stm32g431xx.o(.text)
    DMA2_Channel4_IRQHandler                 0x08000207   Thumb Code     0  startup_stm32g431xx.o(.text)
    DMA2_Channel5_IRQHandler                 0x08000207   Thumb Code     0  startup_stm32g431xx.o(.text)
    DMA2_Channel6_IRQHandler                 0x08000207   Thumb Code     0  startup_stm32g431xx.o(.text)
    DMAMUX_OVR_IRQHandler                    0x08000207   Thumb Code     0  startup_stm32g431xx.o(.text)
    EXTI0_IRQHandler                         0x08000207   Thumb Code     0  startup_stm32g431xx.o(.text)
    EXTI15_10_IRQHandler                     0x08000207   Thumb Code     0  startup_stm32g431xx.o(.text)
    EXTI1_IRQHandler                         0x08000207   Thumb Code     0  startup_stm32g431xx.o(.text)
    EXTI2_IRQHandler                         0x08000207   Thumb Code     0  startup_stm32g431xx.o(.text)
    EXTI3_IRQHandler                         0x08000207   Thumb Code     0  startup_stm32g431xx.o(.text)
    EXTI4_IRQHandler                         0x08000207   Thumb Code     0  startup_stm32g431xx.o(.text)
    EXTI9_5_IRQHandler                       0x08000207   Thumb Code     0  startup_stm32g431xx.o(.text)
    FDCAN1_IT0_IRQHandler                    0x08000207   Thumb Code     0  startup_stm32g431xx.o(.text)
    FDCAN1_IT1_IRQHandler                    0x08000207   Thumb Code     0  startup_stm32g431xx.o(.text)
    FLASH_IRQHandler                         0x08000207   Thumb Code     0  startup_stm32g431xx.o(.text)
    FMAC_IRQHandler                          0x08000207   Thumb Code     0  startup_stm32g431xx.o(.text)
    FPU_IRQHandler                           0x08000207   Thumb Code     0  startup_stm32g431xx.o(.text)
    I2C1_ER_IRQHandler                       0x08000207   Thumb Code     0  startup_stm32g431xx.o(.text)
    I2C1_EV_IRQHandler                       0x08000207   Thumb Code     0  startup_stm32g431xx.o(.text)
    I2C2_ER_IRQHandler                       0x08000207   Thumb Code     0  startup_stm32g431xx.o(.text)
    I2C2_EV_IRQHandler                       0x08000207   Thumb Code     0  startup_stm32g431xx.o(.text)
    I2C3_ER_IRQHandler                       0x08000207   Thumb Code     0  startup_stm32g431xx.o(.text)
    I2C3_EV_IRQHandler                       0x08000207   Thumb Code     0  startup_stm32g431xx.o(.text)
    LPTIM1_IRQHandler                        0x08000207   Thumb Code     0  startup_stm32g431xx.o(.text)
    LPUART1_IRQHandler                       0x08000207   Thumb Code     0  startup_stm32g431xx.o(.text)
    PVD_PVM_IRQHandler                       0x08000207   Thumb Code     0  startup_stm32g431xx.o(.text)
    RCC_IRQHandler                           0x08000207   Thumb Code     0  startup_stm32g431xx.o(.text)
    RNG_IRQHandler                           0x08000207   Thumb Code     0  startup_stm32g431xx.o(.text)
    RTC_Alarm_IRQHandler                     0x08000207   Thumb Code     0  startup_stm32g431xx.o(.text)
    RTC_TAMP_LSECSS_IRQHandler               0x08000207   Thumb Code     0  startup_stm32g431xx.o(.text)
    RTC_WKUP_IRQHandler                      0x08000207   Thumb Code     0  startup_stm32g431xx.o(.text)
    SAI1_IRQHandler                          0x08000207   Thumb Code     0  startup_stm32g431xx.o(.text)
    SPI1_IRQHandler                          0x08000207   Thumb Code     0  startup_stm32g431xx.o(.text)
    SPI2_IRQHandler                          0x08000207   Thumb Code     0  startup_stm32g431xx.o(.text)
    SPI3_IRQHandler                          0x08000207   Thumb Code     0  startup_stm32g431xx.o(.text)
    TIM1_BRK_TIM15_IRQHandler                0x08000207   Thumb Code     0  startup_stm32g431xx.o(.text)
    TIM1_CC_IRQHandler                       0x08000207   Thumb Code     0  startup_stm32g431xx.o(.text)
    TIM1_TRG_COM_TIM17_IRQHandler            0x08000207   Thumb Code     0  startup_stm32g431xx.o(.text)
    TIM1_UP_TIM16_IRQHandler                 0x08000207   Thumb Code     0  startup_stm32g431xx.o(.text)
    TIM2_IRQHandler                          0x08000207   Thumb Code     0  startup_stm32g431xx.o(.text)
    TIM3_IRQHandler                          0x08000207   Thumb Code     0  startup_stm32g431xx.o(.text)
    TIM4_IRQHandler                          0x08000207   Thumb Code     0  startup_stm32g431xx.o(.text)
    TIM7_IRQHandler                          0x08000207   Thumb Code     0  startup_stm32g431xx.o(.text)
    TIM8_BRK_IRQHandler                      0x08000207   Thumb Code     0  startup_stm32g431xx.o(.text)
    TIM8_CC_IRQHandler                       0x08000207   Thumb Code     0  startup_stm32g431xx.o(.text)
    TIM8_TRG_COM_IRQHandler                  0x08000207   Thumb Code     0  startup_stm32g431xx.o(.text)
    TIM8_UP_IRQHandler                       0x08000207   Thumb Code     0  startup_stm32g431xx.o(.text)
    UART4_IRQHandler                         0x08000207   Thumb Code     0  startup_stm32g431xx.o(.text)
    UCPD1_IRQHandler                         0x08000207   Thumb Code     0  startup_stm32g431xx.o(.text)
    USART1_IRQHandler                        0x08000207   Thumb Code     0  startup_stm32g431xx.o(.text)
    USART2_IRQHandler                        0x08000207   Thumb Code     0  startup_stm32g431xx.o(.text)
    USART3_IRQHandler                        0x08000207   Thumb Code     0  startup_stm32g431xx.o(.text)
    USBWakeUp_IRQHandler                     0x08000207   Thumb Code     0  startup_stm32g431xx.o(.text)
    USB_HP_IRQHandler                        0x08000207   Thumb Code     0  startup_stm32g431xx.o(.text)
    USB_LP_IRQHandler                        0x08000207   Thumb Code     0  startup_stm32g431xx.o(.text)
    WWDG_IRQHandler                          0x08000207   Thumb Code     0  startup_stm32g431xx.o(.text)
    __aeabi_uldivmod                         0x08000211   Thumb Code    98  uldiv.o(.text)
    __aeabi_memset                           0x08000273   Thumb Code    14  memseta.o(.text)
    __aeabi_memset4                          0x08000273   Thumb Code     0  memseta.o(.text)
    __aeabi_memset8                          0x08000273   Thumb Code     0  memseta.o(.text)
    __aeabi_memclr                           0x08000281   Thumb Code     4  memseta.o(.text)
    __aeabi_memclr4                          0x08000281   Thumb Code     0  memseta.o(.text)
    __aeabi_memclr8                          0x08000281   Thumb Code     0  memseta.o(.text)
    _memset$wrapper                          0x08000285   Thumb Code    18  memseta.o(.text)
    __aeabi_dadd                             0x08000297   Thumb Code   322  dadd.o(.text)
    __aeabi_dsub                             0x080003d9   Thumb Code     6  dadd.o(.text)
    __aeabi_drsub                            0x080003df   Thumb Code     6  dadd.o(.text)
    __aeabi_dmul                             0x080003e5   Thumb Code   228  dmul.o(.text)
    __aeabi_ddiv                             0x080004c9   Thumb Code   222  ddiv.o(.text)
    __aeabi_f2d                              0x080005a7   Thumb Code    38  f2d.o(.text)
    __aeabi_cdrcmple                         0x080005cd   Thumb Code    48  cdrcmple.o(.text)
    __aeabi_d2f                              0x080005fd   Thumb Code    56  d2f.o(.text)
    __aeabi_uidiv                            0x08000635   Thumb Code     0  uidiv.o(.text)
    __aeabi_uidivmod                         0x08000635   Thumb Code    44  uidiv.o(.text)
    __aeabi_llsl                             0x08000661   Thumb Code    30  llshl.o(.text)
    _ll_shift_l                              0x08000661   Thumb Code     0  llshl.o(.text)
    __aeabi_llsr                             0x0800067f   Thumb Code    32  llushr.o(.text)
    _ll_ushift_r                             0x0800067f   Thumb Code     0  llushr.o(.text)
    __aeabi_lasr                             0x0800069f   Thumb Code    36  llsshr.o(.text)
    _ll_sshift_r                             0x0800069f   Thumb Code     0  llsshr.o(.text)
    __I$use$fp                               0x080006c3   Thumb Code     0  iusefp.o(.text)
    _float_round                             0x080006c3   Thumb Code    18  fepilogue.o(.text)
    _float_epilogue                          0x080006d5   Thumb Code    92  fepilogue.o(.text)
    _double_round                            0x08000731   Thumb Code    30  depilogue.o(.text)
    _double_epilogue                         0x0800074f   Thumb Code   156  depilogue.o(.text)
    __aeabi_d2ulz                            0x080007eb   Thumb Code    48  dfixul.o(.text)
    __scatterload                            0x0800081d   Thumb Code    28  init.o(.text)
    __scatterload_rt2                        0x0800081d   Thumb Code     0  init.o(.text)
    _dsqrt                                   0x08000841   Thumb Code   162  dsqrt.o(.text)
    BMI088_CONF_INIT                         0x080008e5   Thumb Code   104  bmi088.o(i.BMI088_CONF_INIT)
    BMI088_INIT                              0x08000951   Thumb Code    36  bmi088.o(i.BMI088_INIT)
    BusFault_Handler                         0x08000975   Thumb Code     4  stm32g4xx_it.o(i.BusFault_Handler)
    DebugMon_Handler                         0x08000979   Thumb Code     2  stm32g4xx_it.o(i.DebugMon_Handler)
    Error_Handler                            0x0800097b   Thumb Code     6  main.o(i.Error_Handler)
    HAL_Delay                                0x08000981   Thumb Code    36  stm32g4xx_hal.o(i.HAL_Delay)
    HAL_GPIO_Init                            0x080009a9   Thumb Code   428  stm32g4xx_hal_gpio.o(i.HAL_GPIO_Init)
    HAL_GPIO_WritePin                        0x08000b75   Thumb Code    10  stm32g4xx_hal_gpio.o(i.HAL_GPIO_WritePin)
    HAL_GetTick                              0x08000b81   Thumb Code     6  stm32g4xx_hal.o(i.HAL_GetTick)
    HAL_IncTick                              0x08000b8d   Thumb Code    16  stm32g4xx_hal.o(i.HAL_IncTick)
    HAL_Init                                 0x08000ba5   Thumb Code    30  stm32g4xx_hal.o(i.HAL_Init)
    HAL_InitTick                             0x08000bc5   Thumb Code    74  stm32g4xx_hal.o(i.HAL_InitTick)
    HAL_MspInit                              0x08000c1d   Thumb Code    62  stm32g4xx_hal_msp.o(i.HAL_MspInit)
    HAL_NVIC_EnableIRQ                       0x08000c61   Thumb Code    40  stm32g4xx_hal_cortex.o(i.HAL_NVIC_EnableIRQ)
    HAL_NVIC_SetPriority                     0x08000c89   Thumb Code   122  stm32g4xx_hal_cortex.o(i.HAL_NVIC_SetPriority)
    HAL_NVIC_SetPriorityGrouping             0x08000d05   Thumb Code    32  stm32g4xx_hal_cortex.o(i.HAL_NVIC_SetPriorityGrouping)
    HAL_PWREx_ControlVoltageScaling          0x08000d2d   Thumb Code   268  stm32g4xx_hal_pwr_ex.o(i.HAL_PWREx_ControlVoltageScaling)
    HAL_PWREx_DisableUCPDDeadBattery         0x08000e45   Thumb Code    14  stm32g4xx_hal_pwr_ex.o(i.HAL_PWREx_DisableUCPDDeadBattery)
    HAL_RCCEx_PeriphCLKConfig                0x08000e59   Thumb Code   872  stm32g4xx_hal_rcc_ex.o(i.HAL_RCCEx_PeriphCLKConfig)
    HAL_RCC_ClockConfig                      0x080011c9   Thumb Code   522  stm32g4xx_hal_rcc.o(i.HAL_RCC_ClockConfig)
    HAL_RCC_GetHCLKFreq                      0x080013ed   Thumb Code     6  stm32g4xx_hal_rcc.o(i.HAL_RCC_GetHCLKFreq)
    HAL_RCC_GetPCLK1Freq                     0x080013f9   Thumb Code    26  stm32g4xx_hal_rcc.o(i.HAL_RCC_GetPCLK1Freq)
    HAL_RCC_GetPCLK2Freq                     0x0800141d   Thumb Code    26  stm32g4xx_hal_rcc.o(i.HAL_RCC_GetPCLK2Freq)
    HAL_RCC_GetSysClockFreq                  0x08001441   Thumb Code   138  stm32g4xx_hal_rcc.o(i.HAL_RCC_GetSysClockFreq)
    HAL_RCC_OscConfig                        0x080014d9   Thumb Code  1370  stm32g4xx_hal_rcc.o(i.HAL_RCC_OscConfig)
    HAL_SPI_GetState                         0x08001a41   Thumb Code     8  stm32g4xx_hal_spi.o(i.HAL_SPI_GetState)
    HAL_SPI_Init                             0x08001a49   Thumb Code   252  stm32g4xx_hal_spi.o(i.HAL_SPI_Init)
    HAL_SPI_MspInit                          0x08001b45   Thumb Code   108  spi.o(i.HAL_SPI_MspInit)
    HAL_SPI_Receive                          0x08001bb9   Thumb Code   422  stm32g4xx_hal_spi.o(i.HAL_SPI_Receive)
    HAL_SPI_Transmit                         0x08001d5f   Thumb Code   490  stm32g4xx_hal_spi.o(i.HAL_SPI_Transmit)
    HAL_SPI_TransmitReceive                  0x08001f49   Thumb Code   700  stm32g4xx_hal_spi.o(i.HAL_SPI_TransmitReceive)
    HAL_SYSTICK_Config                       0x08002205   Thumb Code    52  stm32g4xx_hal_cortex.o(i.HAL_SYSTICK_Config)
    HAL_TIMEx_Break2Callback                 0x08002239   Thumb Code     2  stm32g4xx_hal_tim_ex.o(i.HAL_TIMEx_Break2Callback)
    HAL_TIMEx_BreakCallback                  0x0800223b   Thumb Code     2  stm32g4xx_hal_tim_ex.o(i.HAL_TIMEx_BreakCallback)
    HAL_TIMEx_CommutCallback                 0x0800223d   Thumb Code     2  stm32g4xx_hal_tim_ex.o(i.HAL_TIMEx_CommutCallback)
    HAL_TIMEx_DirectionChangeCallback        0x0800223f   Thumb Code     2  stm32g4xx_hal_tim_ex.o(i.HAL_TIMEx_DirectionChangeCallback)
    HAL_TIMEx_EncoderIndexCallback           0x08002241   Thumb Code     2  stm32g4xx_hal_tim_ex.o(i.HAL_TIMEx_EncoderIndexCallback)
    HAL_TIMEx_IndexErrorCallback             0x08002243   Thumb Code     2  stm32g4xx_hal_tim_ex.o(i.HAL_TIMEx_IndexErrorCallback)
    HAL_TIMEx_MasterConfigSynchronization    0x08002245   Thumb Code   158  stm32g4xx_hal_tim_ex.o(i.HAL_TIMEx_MasterConfigSynchronization)
    HAL_TIMEx_TransitionErrorCallback        0x080022fd   Thumb Code     2  stm32g4xx_hal_tim_ex.o(i.HAL_TIMEx_TransitionErrorCallback)
    HAL_TIM_Base_Init                        0x080022ff   Thumb Code   110  stm32g4xx_hal_tim.o(i.HAL_TIM_Base_Init)
    HAL_TIM_Base_MspInit                     0x0800236d   Thumb Code    58  tim.o(i.HAL_TIM_Base_MspInit)
    HAL_TIM_Base_Start_IT                    0x080023b1   Thumb Code   130  stm32g4xx_hal_tim.o(i.HAL_TIM_Base_Start_IT)
    HAL_TIM_ConfigClockSource                0x0800244d   Thumb Code   300  stm32g4xx_hal_tim.o(i.HAL_TIM_ConfigClockSource)
    HAL_TIM_IC_CaptureCallback               0x08002581   Thumb Code     2  stm32g4xx_hal_tim.o(i.HAL_TIM_IC_CaptureCallback)
    HAL_TIM_IRQHandler                       0x08002583   Thumb Code   576  stm32g4xx_hal_tim.o(i.HAL_TIM_IRQHandler)
    HAL_TIM_MspPostInit                      0x080027c5   Thumb Code    80  tim.o(i.HAL_TIM_MspPostInit)
    HAL_TIM_OC_DelayElapsedCallback          0x0800281d   Thumb Code     2  stm32g4xx_hal_tim.o(i.HAL_TIM_OC_DelayElapsedCallback)
    HAL_TIM_PWM_ConfigChannel                0x0800281f   Thumb Code   368  stm32g4xx_hal_tim.o(i.HAL_TIM_PWM_ConfigChannel)
    HAL_TIM_PWM_Init                         0x0800298f   Thumb Code   110  stm32g4xx_hal_tim.o(i.HAL_TIM_PWM_Init)
    HAL_TIM_PWM_MspInit                      0x080029fd   Thumb Code     2  stm32g4xx_hal_tim.o(i.HAL_TIM_PWM_MspInit)
    HAL_TIM_PWM_PulseFinishedCallback        0x080029ff   Thumb Code     2  stm32g4xx_hal_tim.o(i.HAL_TIM_PWM_PulseFinishedCallback)
    HAL_TIM_PWM_Start                        0x08002a01   Thumb Code   298  stm32g4xx_hal_tim.o(i.HAL_TIM_PWM_Start)
    HAL_TIM_PeriodElapsedCallback            0x08002b4d   Thumb Code    18  tim.o(i.HAL_TIM_PeriodElapsedCallback)
    HAL_TIM_TriggerCallback                  0x08002b65   Thumb Code     2  stm32g4xx_hal_tim.o(i.HAL_TIM_TriggerCallback)
    HAL_UARTEx_DisableFifoMode               0x08002b67   Thumb Code    78  stm32g4xx_hal_uart_ex.o(i.HAL_UARTEx_DisableFifoMode)
    HAL_UARTEx_SetRxFifoThreshold            0x08002bb5   Thumb Code    94  stm32g4xx_hal_uart_ex.o(i.HAL_UARTEx_SetRxFifoThreshold)
    HAL_UARTEx_SetTxFifoThreshold            0x08002c13   Thumb Code    94  stm32g4xx_hal_uart_ex.o(i.HAL_UARTEx_SetTxFifoThreshold)
    HAL_UART_Init                            0x08002c71   Thumb Code   120  stm32g4xx_hal_uart.o(i.HAL_UART_Init)
    HAL_UART_MspInit                         0x08002ce9   Thumb Code   176  usart.o(i.HAL_UART_MspInit)
    HardFault_Handler                        0x08002da1   Thumb Code     4  stm32g4xx_it.o(i.HardFault_Handler)
    MX_GPIO_Init                             0x08002da5   Thumb Code   174  gpio.o(i.MX_GPIO_Init)
    MX_SPI1_Init                             0x08002e5d   Thumb Code    72  spi.o(i.MX_SPI1_Init)
    MX_TIM2_Init                             0x08002ead   Thumb Code   168  tim.o(i.MX_TIM2_Init)
    MX_TIM6_Init                             0x08002f59   Thumb Code    70  tim.o(i.MX_TIM6_Init)
    MX_USART1_UART_Init                      0x08002fa9   Thumb Code    98  usart.o(i.MX_USART1_UART_Init)
    MahonyAHRSupdateIMU                      0x08003015   Thumb Code   842  mahonyahrs.o(i.MahonyAHRSupdateIMU)
    MemManage_Handler                        0x0800339d   Thumb Code     4  stm32g4xx_it.o(i.MemManage_Handler)
    NMI_Handler                              0x080033a1   Thumb Code     4  stm32g4xx_it.o(i.NMI_Handler)
    PendSV_Handler                           0x080033a5   Thumb Code     2  stm32g4xx_it.o(i.PendSV_Handler)
    ReadAccData                              0x08003411   Thumb Code   142  bmi088.o(i.ReadAccData)
    ReadAccTemperature                       0x080034a5   Thumb Code    70  bmi088.o(i.ReadAccTemperature)
    ReadGyroData                             0x080034ed   Thumb Code   174  bmi088.o(i.ReadGyroData)
    ReadMultiDataFromAcc                     0x080035a5   Thumb Code   134  bmi088.o(i.ReadMultiDataFromAcc)
    ReadMultiDataFromGyro                    0x08003635   Thumb Code   108  bmi088.o(i.ReadMultiDataFromGyro)
    ReadSingleDataFromAcc                    0x080036a9   Thumb Code   112  bmi088.o(i.ReadSingleDataFromAcc)
    ReadSingleDataFromGyro                   0x08003721   Thumb Code    86  bmi088.o(i.ReadSingleDataFromGyro)
    SVC_Handler                              0x08003a39   Thumb Code     2  stm32g4xx_it.o(i.SVC_Handler)
    SysTick_Handler                          0x08003a3b   Thumb Code     8  stm32g4xx_it.o(i.SysTick_Handler)
    SystemClock_Config                       0x08003a43   Thumb Code   108  main.o(i.SystemClock_Config)
    SystemInit                               0x08003ab1   Thumb Code    14  system_stm32g4xx.o(i.SystemInit)
    TIM6_DAC_IRQHandler                      0x08003ac5   Thumb Code    10  stm32g4xx_it.o(i.TIM6_DAC_IRQHandler)
    TIM_Base_SetConfig                       0x08003ad5   Thumb Code   158  stm32g4xx_hal_tim.o(i.TIM_Base_SetConfig)
    TIM_CCxChannelCmd                        0x08003b91   Thumb Code    34  stm32g4xx_hal_tim.o(i.TIM_CCxChannelCmd)
    TIM_ETR_SetConfig                        0x08003bb3   Thumb Code    22  stm32g4xx_hal_tim.o(i.TIM_ETR_SetConfig)
    TIM_OC2_SetConfig                        0x08003c8d   Thumb Code   156  stm32g4xx_hal_tim.o(i.TIM_OC2_SetConfig)
    UART_AdvFeatureConfig                    0x08004031   Thumb Code   248  stm32g4xx_hal_uart.o(i.UART_AdvFeatureConfig)
    UART_CheckIdleState                      0x08004129   Thumb Code   118  stm32g4xx_hal_uart.o(i.UART_CheckIdleState)
    UART_SetConfig                           0x080041a1   Thumb Code   858  stm32g4xx_hal_uart.o(i.UART_SetConfig)
    UART_WaitOnFlagUntilTimeout              0x08004525   Thumb Code   254  stm32g4xx_hal_uart.o(i.UART_WaitOnFlagUntilTimeout)
    UsageFault_Handler                       0x08004623   Thumb Code     4  stm32g4xx_it.o(i.UsageFault_Handler)
    VerifyAccChipID                          0x08004627   Thumb Code    26  bmi088.o(i.VerifyAccChipID)
    VerifyAccSelfTest                        0x08004641   Thumb Code   336  bmi088.o(i.VerifyAccSelfTest)
    VerifyGyroChipID                         0x08004799   Thumb Code    26  bmi088.o(i.VerifyGyroChipID)
    VerifyGyroSelfTest                       0x080047b3   Thumb Code   112  bmi088.o(i.VerifyGyroSelfTest)
    WriteDataToAcc                           0x08004825   Thumb Code    94  bmi088.o(i.WriteDataToAcc)
    WriteDataToGyro                          0x0800488d   Thumb Code    94  bmi088.o(i.WriteDataToGyro)
    __0printf                                0x080048f5   Thumb Code    22  printfa.o(i.__0printf)
    __1printf                                0x080048f5   Thumb Code     0  printfa.o(i.__0printf)
    __2printf                                0x080048f5   Thumb Code     0  printfa.o(i.__0printf)
    __c89printf                              0x080048f5   Thumb Code     0  printfa.o(i.__0printf)
    printf                                   0x080048f5   Thumb Code     0  printfa.o(i.__0printf)
    __ARM_fpclassify                         0x08004915   Thumb Code    48  fpclassify.o(i.__ARM_fpclassify)
    __hardfp_asin                            0x08004981   Thumb Code   770  asin.o(i.__hardfp_asin)
    __hardfp_atan                            0x08004ce1   Thumb Code   622  atan.o(i.__hardfp_atan)
    __hardfp_fabs                            0x08004fb9   Thumb Code    20  fabs.o(i.__hardfp_fabs)
    __kernel_poly                            0x08004fcd   Thumb Code   248  poly.o(i.__kernel_poly)
    __mathlib_dbl_infnan                     0x080050c5   Thumb Code    20  dunder.o(i.__mathlib_dbl_infnan)
    __mathlib_dbl_invalid                    0x080050d9   Thumb Code    24  dunder.o(i.__mathlib_dbl_invalid)
    __mathlib_dbl_underflow                  0x080050f9   Thumb Code    24  dunder.o(i.__mathlib_dbl_underflow)
    __scatterload_copy                       0x08005119   Thumb Code    14  handlers.o(i.__scatterload_copy)
    __scatterload_null                       0x08005127   Thumb Code     2  handlers.o(i.__scatterload_null)
    __scatterload_zeroinit                   0x08005129   Thumb Code    14  handlers.o(i.__scatterload_zeroinit)
    __set_errno                              0x08005139   Thumb Code     6  errno.o(i.__set_errno)
    fabs                                     0x080059f7   Thumb Code    24  fabs.o(i.fabs)
    fputc                                    0x08005a11   Thumb Code    24  usart.o(i.fputc)
    main                                     0x08005a69   Thumb Code   640  main.o(i.main)
    sqrt                                     0x08005d25   Thumb Code   110  sqrt.o(i.sqrt)
    UARTPrescTable                           0x08005d92   Data          24  stm32g4xx_hal_uart.o(.constdata)
    AHBPrescTable                            0x08005dba   Data          16  system_stm32g4xx.o(.constdata)
    APBPrescTable                            0x08005dca   Data           8  system_stm32g4xx.o(.constdata)
    Region$$Table$$Base                      0x08005ec0   Number         0  anon$$obj.o(Region$$Table)
    Region$$Table$$Limit                     0x08005ee0   Number         0  anon$$obj.o(Region$$Table)
    Task_Time                                0x20000000   Data           1  tim.o(.data)
    twoKp                                    0x20000004   Data           4  mahonyahrs.o(.data)
    twoKi                                    0x20000008   Data           4  mahonyahrs.o(.data)
    q0                                       0x2000000c   Data           4  mahonyahrs.o(.data)
    q1                                       0x20000010   Data           4  mahonyahrs.o(.data)
    q2                                       0x20000014   Data           4  mahonyahrs.o(.data)
    q3                                       0x20000018   Data           4  mahonyahrs.o(.data)
    integralFBx                              0x2000001c   Data           4  mahonyahrs.o(.data)
    integralFBy                              0x20000020   Data           4  mahonyahrs.o(.data)
    integralFBz                              0x20000024   Data           4  mahonyahrs.o(.data)
    gx_offset                                0x20000028   Data           4  mahonyahrs.o(.data)
    gy_offset                                0x2000002c   Data           4  mahonyahrs.o(.data)
    gz_offset                                0x20000030   Data           4  mahonyahrs.o(.data)
    uwTick                                   0x2000003c   Data           4  stm32g4xx_hal.o(.data)
    uwTickPrio                               0x20000040   Data           4  stm32g4xx_hal.o(.data)
    uwTickFreq                               0x20000044   Data           4  stm32g4xx_hal.o(.data)
    SystemCoreClock                          0x20000048   Data           4  system_stm32g4xx.o(.data)
    __stdout                                 0x2000004c   Data           4  stdout.o(.data)
    hspi1                                    0x20000054   Data         100  spi.o(.bss)
    htim2                                    0x200000b8   Data          76  tim.o(.bss)
    htim6                                    0x20000104   Data          76  tim.o(.bss)
    huart1                                   0x20000150   Data         144  usart.o(.bss)
    __initial_sp                             0x200005e0   Data           0  startup_stm32g431xx.o(STACK)



==============================================================================

Memory Map of the image

  Image Entry point : 0x080001d9

  Load Region LR_IROM1 (Base: 0x08000000, Size: 0x00005f34, Max: 0x00020000, ABSOLUTE)

    Execution Region ER_IROM1 (Base: 0x08000000, Size: 0x00005ee0, Max: 0x00020000, ABSOLUTE)

    Base Addr    Size         Type   Attr      Idx    E Section Name        Object

    0x08000000   0x000001d8   Data   RO            3    RESET               startup_stm32g431xx.o
    0x080001d8   0x00000000   Code   RO         4310  * .ARM.Collect$$$$00000000  mc_w.l(entry.o)
    0x080001d8   0x00000004   Code   RO         4622    .ARM.Collect$$$$00000001  mc_w.l(entry2.o)
    0x080001dc   0x00000004   Code   RO         4625    .ARM.Collect$$$$00000004  mc_w.l(entry5.o)
    0x080001e0   0x00000000   Code   RO         4627    .ARM.Collect$$$$00000008  mc_w.l(entry7b.o)
    0x080001e0   0x00000000   Code   RO         4629    .ARM.Collect$$$$0000000A  mc_w.l(entry8b.o)
    0x080001e0   0x00000008   Code   RO         4630    .ARM.Collect$$$$0000000B  mc_w.l(entry9a.o)
    0x080001e8   0x00000000   Code   RO         4632    .ARM.Collect$$$$0000000D  mc_w.l(entry10a.o)
    0x080001e8   0x00000000   Code   RO         4634    .ARM.Collect$$$$0000000F  mc_w.l(entry11a.o)
    0x080001e8   0x00000004   Code   RO         4623    .ARM.Collect$$$$00002712  mc_w.l(entry2.o)
    0x080001ec   0x00000024   Code   RO            4    .text               startup_stm32g431xx.o
    0x08000210   0x00000062   Code   RO         4313    .text               mc_w.l(uldiv.o)
    0x08000272   0x00000024   Code   RO         4315    .text               mc_w.l(memseta.o)
    0x08000296   0x0000014e   Code   RO         4578    .text               mf_w.l(dadd.o)
    0x080003e4   0x000000e4   Code   RO         4580    .text               mf_w.l(dmul.o)
    0x080004c8   0x000000de   Code   RO         4582    .text               mf_w.l(ddiv.o)
    0x080005a6   0x00000026   Code   RO         4586    .text               mf_w.l(f2d.o)
    0x080005cc   0x00000030   Code   RO         4588    .text               mf_w.l(cdrcmple.o)
    0x080005fc   0x00000038   Code   RO         4590    .text               mf_w.l(d2f.o)
    0x08000634   0x0000002c   Code   RO         4637    .text               mc_w.l(uidiv.o)
    0x08000660   0x0000001e   Code   RO         4639    .text               mc_w.l(llshl.o)
    0x0800067e   0x00000020   Code   RO         4641    .text               mc_w.l(llushr.o)
    0x0800069e   0x00000024   Code   RO         4643    .text               mc_w.l(llsshr.o)
    0x080006c2   0x00000000   Code   RO         4652    .text               mc_w.l(iusefp.o)
    0x080006c2   0x0000006e   Code   RO         4653    .text               mf_w.l(fepilogue.o)
    0x08000730   0x000000ba   Code   RO         4655    .text               mf_w.l(depilogue.o)
    0x080007ea   0x00000030   Code   RO         4659    .text               mf_w.l(dfixul.o)
    0x0800081a   0x00000002   PAD
    0x0800081c   0x00000024   Code   RO         4661    .text               mc_w.l(init.o)
    0x08000840   0x000000a2   Code   RO         4663    .text               mf_w.l(dsqrt.o)
    0x080008e2   0x00000002   PAD
    0x080008e4   0x0000006c   Code   RO          490    i.BMI088_CONF_INIT  bmi088.o
    0x08000950   0x00000024   Code   RO          491    i.BMI088_INIT       bmi088.o
    0x08000974   0x00000004   Code   RO          384    i.BusFault_Handler  stm32g4xx_it.o
    0x08000978   0x00000002   Code   RO          385    i.DebugMon_Handler  stm32g4xx_it.o
    0x0800097a   0x00000006   Code   RO           13    i.Error_Handler     main.o
    0x08000980   0x00000028   Code   RO         1011    i.HAL_Delay         stm32g4xx_hal.o
    0x080009a8   0x000001cc   Code   RO         1762    i.HAL_GPIO_Init     stm32g4xx_hal_gpio.o
    0x08000b74   0x0000000a   Code   RO         1766    i.HAL_GPIO_WritePin  stm32g4xx_hal_gpio.o
    0x08000b7e   0x00000002   PAD
    0x08000b80   0x0000000c   Code   RO         1015    i.HAL_GetTick       stm32g4xx_hal.o
    0x08000b8c   0x00000018   Code   RO         1018    i.HAL_IncTick       stm32g4xx_hal.o
    0x08000ba4   0x0000001e   Code   RO         1019    i.HAL_Init          stm32g4xx_hal.o
    0x08000bc2   0x00000002   PAD
    0x08000bc4   0x00000058   Code   RO         1020    i.HAL_InitTick      stm32g4xx_hal.o
    0x08000c1c   0x00000044   Code   RO          466    i.HAL_MspInit       stm32g4xx_hal_msp.o
    0x08000c60   0x00000028   Code   RO         2409    i.HAL_NVIC_EnableIRQ  stm32g4xx_hal_cortex.o
    0x08000c88   0x0000007a   Code   RO         2415    i.HAL_NVIC_SetPriority  stm32g4xx_hal_cortex.o
    0x08000d02   0x00000002   PAD
    0x08000d04   0x00000028   Code   RO         2416    i.HAL_NVIC_SetPriorityGrouping  stm32g4xx_hal_cortex.o
    0x08000d2c   0x00000118   Code   RO         2165    i.HAL_PWREx_ControlVoltageScaling  stm32g4xx_hal_pwr_ex.o
    0x08000e44   0x00000014   Code   RO         2177    i.HAL_PWREx_DisableUCPDDeadBattery  stm32g4xx_hal_pwr_ex.o
    0x08000e58   0x00000370   Code   RO         1369    i.HAL_RCCEx_PeriphCLKConfig  stm32g4xx_hal_rcc_ex.o
    0x080011c8   0x00000224   Code   RO         1239    i.HAL_RCC_ClockConfig  stm32g4xx_hal_rcc.o
    0x080013ec   0x0000000c   Code   RO         1245    i.HAL_RCC_GetHCLKFreq  stm32g4xx_hal_rcc.o
    0x080013f8   0x00000024   Code   RO         1247    i.HAL_RCC_GetPCLK1Freq  stm32g4xx_hal_rcc.o
    0x0800141c   0x00000024   Code   RO         1248    i.HAL_RCC_GetPCLK2Freq  stm32g4xx_hal_rcc.o
    0x08001440   0x00000098   Code   RO         1249    i.HAL_RCC_GetSysClockFreq  stm32g4xx_hal_rcc.o
    0x080014d8   0x00000568   Code   RO         1252    i.HAL_RCC_OscConfig  stm32g4xx_hal_rcc.o
    0x08001a40   0x00000008   Code   RO          662    i.HAL_SPI_GetState  stm32g4xx_hal_spi.o
    0x08001a48   0x000000fc   Code   RO          664    i.HAL_SPI_Init      stm32g4xx_hal_spi.o
    0x08001b44   0x00000074   Code   RO          222    i.HAL_SPI_MspInit   spi.o
    0x08001bb8   0x000001a6   Code   RO          667    i.HAL_SPI_Receive   stm32g4xx_hal_spi.o
    0x08001d5e   0x000001ea   Code   RO          672    i.HAL_SPI_Transmit  stm32g4xx_hal_spi.o
    0x08001f48   0x000002bc   Code   RO          673    i.HAL_SPI_TransmitReceive  stm32g4xx_hal_spi.o
    0x08002204   0x00000034   Code   RO         2420    i.HAL_SYSTICK_Config  stm32g4xx_hal_cortex.o
    0x08002238   0x00000002   Code   RO         3271    i.HAL_TIMEx_Break2Callback  stm32g4xx_hal_tim_ex.o
    0x0800223a   0x00000002   Code   RO         3272    i.HAL_TIMEx_BreakCallback  stm32g4xx_hal_tim_ex.o
    0x0800223c   0x00000002   Code   RO         3273    i.HAL_TIMEx_CommutCallback  stm32g4xx_hal_tim_ex.o
    0x0800223e   0x00000002   Code   RO         3284    i.HAL_TIMEx_DirectionChangeCallback  stm32g4xx_hal_tim_ex.o
    0x08002240   0x00000002   Code   RO         3298    i.HAL_TIMEx_EncoderIndexCallback  stm32g4xx_hal_tim_ex.o
    0x08002242   0x00000002   Code   RO         3312    i.HAL_TIMEx_IndexErrorCallback  stm32g4xx_hal_tim_ex.o
    0x08002244   0x000000b8   Code   RO         3313    i.HAL_TIMEx_MasterConfigSynchronization  stm32g4xx_hal_tim_ex.o
    0x080022fc   0x00000002   Code   RO         3334    i.HAL_TIMEx_TransitionErrorCallback  stm32g4xx_hal_tim_ex.o
    0x080022fe   0x0000006e   Code   RO         2546    i.HAL_TIM_Base_Init  stm32g4xx_hal_tim.o
    0x0800236c   0x00000044   Code   RO          264    i.HAL_TIM_Base_MspInit  tim.o
    0x080023b0   0x0000009c   Code   RO         2551    i.HAL_TIM_Base_Start_IT  stm32g4xx_hal_tim.o
    0x0800244c   0x00000134   Code   RO         2555    i.HAL_TIM_ConfigClockSource  stm32g4xx_hal_tim.o
    0x08002580   0x00000002   Code   RO         2580    i.HAL_TIM_IC_CaptureCallback  stm32g4xx_hal_tim.o
    0x08002582   0x00000240   Code   RO         2594    i.HAL_TIM_IRQHandler  stm32g4xx_hal_tim.o
    0x080027c2   0x00000002   PAD
    0x080027c4   0x00000058   Code   RO          265    i.HAL_TIM_MspPostInit  tim.o
    0x0800281c   0x00000002   Code   RO         2597    i.HAL_TIM_OC_DelayElapsedCallback  stm32g4xx_hal_tim.o
    0x0800281e   0x00000170   Code   RO         2618    i.HAL_TIM_PWM_ConfigChannel  stm32g4xx_hal_tim.o
    0x0800298e   0x0000006e   Code   RO         2621    i.HAL_TIM_PWM_Init  stm32g4xx_hal_tim.o
    0x080029fc   0x00000002   Code   RO         2623    i.HAL_TIM_PWM_MspInit  stm32g4xx_hal_tim.o
    0x080029fe   0x00000002   Code   RO         2624    i.HAL_TIM_PWM_PulseFinishedCallback  stm32g4xx_hal_tim.o
    0x08002a00   0x0000014c   Code   RO         2626    i.HAL_TIM_PWM_Start  stm32g4xx_hal_tim.o
    0x08002b4c   0x00000018   Code   RO          268    i.HAL_TIM_PeriodElapsedCallback  tim.o
    0x08002b64   0x00000002   Code   RO         2637    i.HAL_TIM_TriggerCallback  stm32g4xx_hal_tim.o
    0x08002b66   0x0000004e   Code   RO         4125    i.HAL_UARTEx_DisableFifoMode  stm32g4xx_hal_uart_ex.o
    0x08002bb4   0x0000005e   Code   RO         4133    i.HAL_UARTEx_SetRxFifoThreshold  stm32g4xx_hal_uart_ex.o
    0x08002c12   0x0000005e   Code   RO         4134    i.HAL_UARTEx_SetTxFifoThreshold  stm32g4xx_hal_uart_ex.o
    0x08002c70   0x00000078   Code   RO         3729    i.HAL_UART_Init     stm32g4xx_hal_uart.o
    0x08002ce8   0x000000b8   Code   RO          337    i.HAL_UART_MspInit  usart.o
    0x08002da0   0x00000004   Code   RO          386    i.HardFault_Handler  stm32g4xx_it.o
    0x08002da4   0x000000b8   Code   RO          197    i.MX_GPIO_Init      gpio.o
    0x08002e5c   0x00000050   Code   RO          223    i.MX_SPI1_Init      spi.o
    0x08002eac   0x000000ac   Code   RO          269    i.MX_TIM2_Init      tim.o
    0x08002f58   0x00000050   Code   RO          270    i.MX_TIM6_Init      tim.o
    0x08002fa8   0x0000006c   Code   RO          338    i.MX_USART1_UART_Init  usart.o
    0x08003014   0x00000388   Code   RO          611    i.MahonyAHRSupdateIMU  mahonyahrs.o
    0x0800339c   0x00000004   Code   RO          387    i.MemManage_Handler  stm32g4xx_it.o
    0x080033a0   0x00000004   Code   RO          388    i.NMI_Handler       stm32g4xx_it.o
    0x080033a4   0x00000002   Code   RO          389    i.PendSV_Handler    stm32g4xx_it.o
    0x080033a6   0x00000002   PAD
    0x080033a8   0x00000068   Code   RO         1253    i.RCC_GetSysClockFreqFromPLLSource  stm32g4xx_hal_rcc.o
    0x08003410   0x00000094   Code   RO          492    i.ReadAccData       bmi088.o
    0x080034a4   0x00000046   Code   RO          494    i.ReadAccTemperature  bmi088.o
    0x080034ea   0x00000002   PAD
    0x080034ec   0x000000b8   Code   RO          495    i.ReadGyroData      bmi088.o
    0x080035a4   0x00000090   Code   RO          496    i.ReadMultiDataFromAcc  bmi088.o
    0x08003634   0x00000074   Code   RO          497    i.ReadMultiDataFromGyro  bmi088.o
    0x080036a8   0x00000078   Code   RO          498    i.ReadSingleDataFromAcc  bmi088.o
    0x08003720   0x00000060   Code   RO          499    i.ReadSingleDataFromGyro  bmi088.o
    0x08003780   0x00000082   Code   RO          701    i.SPI_EndRxTransaction  stm32g4xx_hal_spi.o
    0x08003802   0x00000064   Code   RO          702    i.SPI_EndRxTxTransaction  stm32g4xx_hal_spi.o
    0x08003866   0x00000002   PAD
    0x08003868   0x000000f8   Code   RO          707    i.SPI_WaitFifoStateUntilTimeout  stm32g4xx_hal_spi.o
    0x08003960   0x000000d8   Code   RO          708    i.SPI_WaitFlagStateUntilTimeout  stm32g4xx_hal_spi.o
    0x08003a38   0x00000002   Code   RO          390    i.SVC_Handler       stm32g4xx_it.o
    0x08003a3a   0x00000008   Code   RO          391    i.SysTick_Handler   stm32g4xx_it.o
    0x08003a42   0x0000006c   Code   RO           14    i.SystemClock_Config  main.o
    0x08003aae   0x00000002   PAD
    0x08003ab0   0x00000014   Code   RO         4243    i.SystemInit        system_stm32g4xx.o
    0x08003ac4   0x00000010   Code   RO          392    i.TIM6_DAC_IRQHandler  stm32g4xx_it.o
    0x08003ad4   0x000000bc   Code   RO         2639    i.TIM_Base_SetConfig  stm32g4xx_hal_tim.o
    0x08003b90   0x00000022   Code   RO         2640    i.TIM_CCxChannelCmd  stm32g4xx_hal_tim.o
    0x08003bb2   0x00000016   Code   RO         2650    i.TIM_ETR_SetConfig  stm32g4xx_hal_tim.o
    0x08003bc8   0x00000018   Code   RO         2651    i.TIM_ITRx_SetConfig  stm32g4xx_hal_tim.o
    0x08003be0   0x000000ac   Code   RO         2652    i.TIM_OC1_SetConfig  stm32g4xx_hal_tim.o
    0x08003c8c   0x000000b4   Code   RO         2653    i.TIM_OC2_SetConfig  stm32g4xx_hal_tim.o
    0x08003d40   0x000000b4   Code   RO         2654    i.TIM_OC3_SetConfig  stm32g4xx_hal_tim.o
    0x08003df4   0x000000b4   Code   RO         2655    i.TIM_OC4_SetConfig  stm32g4xx_hal_tim.o
    0x08003ea8   0x00000070   Code   RO         2656    i.TIM_OC5_SetConfig  stm32g4xx_hal_tim.o
    0x08003f18   0x00000070   Code   RO         2657    i.TIM_OC6_SetConfig  stm32g4xx_hal_tim.o
    0x08003f88   0x00000026   Code   RO         2659    i.TIM_TI1_ConfigInputStage  stm32g4xx_hal_tim.o
    0x08003fae   0x00000028   Code   RO         2661    i.TIM_TI2_ConfigInputStage  stm32g4xx_hal_tim.o
    0x08003fd6   0x00000002   PAD
    0x08003fd8   0x00000058   Code   RO         4138    i.UARTEx_SetNbDataToProcess  stm32g4xx_hal_uart_ex.o
    0x08004030   0x000000f8   Code   RO         3743    i.UART_AdvFeatureConfig  stm32g4xx_hal_uart.o
    0x08004128   0x00000076   Code   RO         3744    i.UART_CheckIdleState  stm32g4xx_hal_uart.o
    0x0800419e   0x00000002   PAD
    0x080041a0   0x00000384   Code   RO         3762    i.UART_SetConfig    stm32g4xx_hal_uart.o
    0x08004524   0x000000fe   Code   RO         3769    i.UART_WaitOnFlagUntilTimeout  stm32g4xx_hal_uart.o
    0x08004622   0x00000004   Code   RO          393    i.UsageFault_Handler  stm32g4xx_it.o
    0x08004626   0x0000001a   Code   RO          500    i.VerifyAccChipID   bmi088.o
    0x08004640   0x00000158   Code   RO          501    i.VerifyAccSelfTest  bmi088.o
    0x08004798   0x0000001a   Code   RO          502    i.VerifyGyroChipID  bmi088.o
    0x080047b2   0x00000070   Code   RO          503    i.VerifyGyroSelfTest  bmi088.o
    0x08004822   0x00000002   PAD
    0x08004824   0x00000068   Code   RO          504    i.WriteDataToAcc    bmi088.o
    0x0800488c   0x00000068   Code   RO          505    i.WriteDataToGyro   bmi088.o
    0x080048f4   0x00000020   Code   RO         4550    i.__0printf         mc_w.l(printfa.o)
    0x08004914   0x00000030   Code   RO         4606    i.__ARM_fpclassify  m_wm.l(fpclassify.o)
    0x08004944   0x00000010   Code   RO         2422    i.__NVIC_GetPriorityGrouping  stm32g4xx_hal_cortex.o
    0x08004954   0x00000028   Code   RO         2423    i.__NVIC_SetPriority  stm32g4xx_hal_cortex.o
    0x0800497c   0x00000004   PAD
    0x08004980   0x00000360   Code   RO         4276    i.__hardfp_asin     m_wm.l(asin.o)
    0x08004ce0   0x000002d8   Code   RO         4290    i.__hardfp_atan     m_wm.l(atan.o)
    0x08004fb8   0x00000014   Code   RO         4304    i.__hardfp_fabs     m_wm.l(fabs.o)
    0x08004fcc   0x000000f8   Code   RO         4608    i.__kernel_poly     m_wm.l(poly.o)
    0x080050c4   0x00000014   Code   RO         4593    i.__mathlib_dbl_infnan  m_wm.l(dunder.o)
    0x080050d8   0x00000020   Code   RO         4595    i.__mathlib_dbl_invalid  m_wm.l(dunder.o)
    0x080050f8   0x00000020   Code   RO         4598    i.__mathlib_dbl_underflow  m_wm.l(dunder.o)
    0x08005118   0x0000000e   Code   RO         4669    i.__scatterload_copy  mc_w.l(handlers.o)
    0x08005126   0x00000002   Code   RO         4670    i.__scatterload_null  mc_w.l(handlers.o)
    0x08005128   0x0000000e   Code   RO         4671    i.__scatterload_zeroinit  mc_w.l(handlers.o)
    0x08005136   0x00000002   PAD
    0x08005138   0x0000000c   Code   RO         4647    i.__set_errno       mc_w.l(errno.o)
    0x08005144   0x00000184   Code   RO         4557    i._fp_digits        mc_w.l(printfa.o)
    0x080052c8   0x000006dc   Code   RO         4558    i._printf_core      mc_w.l(printfa.o)
    0x080059a4   0x00000024   Code   RO         4559    i._printf_post_padding  mc_w.l(printfa.o)
    0x080059c8   0x0000002e   Code   RO         4560    i._printf_pre_padding  mc_w.l(printfa.o)
    0x080059f6   0x00000018   Code   RO         4306    i.fabs              m_wm.l(fabs.o)
    0x08005a0e   0x00000002   PAD
    0x08005a10   0x0000001c   Code   RO          339    i.fputc             usart.o
    0x08005a2c   0x0000003c   Code   RO          612    i.invSqrt           mahonyahrs.o
    0x08005a68   0x000002bc   Code   RO           15    i.main              main.o
    0x08005d24   0x0000006e   Code   RO         4612    i.sqrt              m_wm.l(sqrt.o)
    0x08005d92   0x00000018   Data   RO         3770    .constdata          stm32g4xx_hal_uart.o
    0x08005daa   0x00000010   Data   RO         4140    .constdata          stm32g4xx_hal_uart_ex.o
    0x08005dba   0x00000018   Data   RO         4244    .constdata          system_stm32g4xx.o
    0x08005dd2   0x00000006   PAD
    0x08005dd8   0x00000050   Data   RO         4279    .constdata          m_wm.l(asin.o)
    0x08005e28   0x00000098   Data   RO         4293    .constdata          m_wm.l(atan.o)
    0x08005ec0   0x00000020   Data   RO         4667    Region$$Table       anon$$obj.o


    Execution Region RW_IRAM1 (Base: 0x20000000, Size: 0x000005e0, Max: 0x00008000, ABSOLUTE)

    Base Addr    Size         Type   Attr      Idx    E Section Name        Object

    0x20000000   0x00000001   Data   RW          272    .data               tim.o
    0x20000001   0x00000003   PAD
    0x20000004   0x00000038   Data   RW          614    .data               mahonyahrs.o
    0x2000003c   0x0000000c   Data   RW         1039    .data               stm32g4xx_hal.o
    0x20000048   0x00000004   Data   RW         4245    .data               system_stm32g4xx.o
    0x2000004c   0x00000004   Data   RW         4636    .data               mc_w.l(stdout.o)
    0x20000050   0x00000004   Data   RW         4648    .data               mc_w.l(errno.o)
    0x20000054   0x00000064   Zero   RW          224    .bss                spi.o
    0x200000b8   0x00000098   Zero   RW          271    .bss                tim.o
    0x20000150   0x00000090   Zero   RW          340    .bss                usart.o
    0x200001e0   0x00000400   Zero   RW            1    STACK               startup_stm32g431xx.o


==============================================================================

Image component sizes


      Code (inc. data)   RO Data    RW Data    ZI Data      Debug   Object Name

      1738         84          0          0          0      10540   bmi088.o
       184         10          0          0          0        967   gpio.o
       964         66          0         56          0       3871   mahonyahrs.o
       814         60          0          0          0     648967   main.o
       196         16          0          0        100       1721   spi.o
        36          8        472          0       1024        848   startup_stm32g431xx.o
       194         32          0         12          0       4393   stm32g4xx_hal.o
       310         22          0          0          0      34419   stm32g4xx_hal_cortex.o
       470         32          0          0          0       2088   stm32g4xx_hal_gpio.o
        68          6          0          0          0        874   stm32g4xx_hal_msp.o
       300         18          0          0          0       1429   stm32g4xx_hal_pwr_ex.o
      2272        108          0          0          0       7344   stm32g4xx_hal_rcc.o
       880          8          0          0          0       1896   stm32g4xx_hal_rcc_ex.o
      2566         12          0          0          0       9913   stm32g4xx_hal_spi.o
      3252        262          0          0          0      18432   stm32g4xx_hal_tim.o
       198         26          0          0          0       5604   stm32g4xx_hal_tim_ex.o
      1640         62         24          0          0      24282   stm32g4xx_hal_uart.o
       354         10         16          0          0       3705   stm32g4xx_hal_uart_ex.o
        50          6          0          0          0       4824   stm32g4xx_it.o
        20          6         24          4          0       1163   system_stm32g4xx.o
       432         38          0          1        152       3675   tim.o
       320         22          0          0        144       2454   usart.o

    ----------------------------------------------------------------------
     17284        918        574         76       1420     793409   Object Totals
         0          0         32          0          0          0   (incl. Generated)
        26          4          6          3          0          0   (incl. Padding)

    ----------------------------------------------------------------------

      Code (inc. data)   RO Data    RW Data    ZI Data      Debug   Library Member Name

       864         94         80          0          0        280   asin.o
       728        106        152          0          0        228   atan.o
        84         16          0          0          0        372   dunder.o
        44          0          0          0          0        248   fabs.o
        48          0          0          0          0        124   fpclassify.o
       248          0          0          0          0        152   poly.o
       110          0          0          0          0        148   sqrt.o
         0          0          0          0          0          0   entry.o
         0          0          0          0          0          0   entry10a.o
         0          0          0          0          0          0   entry11a.o
         8          4          0          0          0          0   entry2.o
         4          0          0          0          0          0   entry5.o
         0          0          0          0          0          0   entry7b.o
         0          0          0          0          0          0   entry8b.o
         8          4          0          0          0          0   entry9a.o
        12          6          0          4          0         68   errno.o
        30          0          0          0          0          0   handlers.o
        36          8          0          0          0         68   init.o
         0          0          0          0          0          0   iusefp.o
        30          0          0          0          0         68   llshl.o
        36          0          0          0          0         68   llsshr.o
        32          0          0          0          0         68   llushr.o
        36          0          0          0          0        108   memseta.o
      2258         90          0          0          0        452   printfa.o
         0          0          0          4          0          0   stdout.o
        44          0          0          0          0         80   uidiv.o
        98          0          0          0          0         92   uldiv.o
        48          0          0          0          0         68   cdrcmple.o
        56          0          0          0          0         88   d2f.o
       334          0          0          0          0        148   dadd.o
       222          0          0          0          0        100   ddiv.o
       186          0          0          0          0        176   depilogue.o
        48          0          0          0          0         68   dfixul.o
       228          0          0          0          0         96   dmul.o
       162          0          0          0          0        100   dsqrt.o
        38          0          0          0          0         68   f2d.o
       110          0          0          0          0        168   fepilogue.o

    ----------------------------------------------------------------------
      6198        328        232          8          0       3704   Library Totals
         8          0          0          0          0          0   (incl. Padding)

    ----------------------------------------------------------------------

      Code (inc. data)   RO Data    RW Data    ZI Data      Debug   Library Name

      2126        216        232          0          0       1552   m_wm.l
      2632        112          0          8          0       1072   mc_w.l
      1432          0          0          0          0       1080   mf_w.l

    ----------------------------------------------------------------------
      6198        328        232          8          0       3704   Library Totals

    ----------------------------------------------------------------------

==============================================================================


      Code (inc. data)   RO Data    RW Data    ZI Data      Debug   

     23482       1246        806         84       1420     784277   Grand Totals
     23482       1246        806         84       1420     784277   ELF Image Totals
     23482       1246        806         84          0          0   ROM Totals

==============================================================================

    Total RO  Size (Code + RO Data)                24288 (  23.72kB)
    Total RW  Size (RW Data + ZI Data)              1504 (   1.47kB)
    Total ROM Size (Code + RO Data + RW Data)      24372 (  23.80kB)

==============================================================================

